Archive member included because of file (symbol)

/home/xuyonglu/OBM/Loader/Build/../../Common/Download/USB2CI/USB2CI_LINUX_ARM.a(xllp_ciu2d.o)
                              /home/xuyonglu/OBM/Loader/Build/../../Loader/Platforms/WKNG/release/CI2Download.o (CI2_ResetBufPosition)
/home/xuyonglu/OBM/Loader/Build/../../Common/Download/USB2CI/USB2CI_LINUX_ARM.a(mvUsbDevCh9.o)
                              /home/xuyonglu/OBM/Loader/Build/../../Common/Download/USB2CI/USB2CI_LINUX_ARM.a(xllp_ciu2d.o) (mvUsbCh9GetStatus)
/home/xuyonglu/OBM/Loader/Build/../../Common/Download/USB2CI/USB2CI_LINUX_ARM.a(mvUsbDevMain.o)
                              /home/xuyonglu/OBM/Loader/Build/../../Common/Download/USB2CI/USB2CI_LINUX_ARM.a(xllp_ciu2d.o) (_usb_device_init)
/home/xuyonglu/OBM/Loader/Build/../../Common/Download/USB2CI/USB2CI_LINUX_ARM.a(mvUsbDevRecv.o)
                              /home/xuyonglu/OBM/Loader/Build/../../Common/Download/USB2CI/USB2CI_LINUX_ARM.a(xllp_ciu2d.o) (_usb_device_recv_data)
/home/xuyonglu/OBM/Loader/Build/../../Common/Download/USB2CI/USB2CI_LINUX_ARM.a(mvUsbDevSend.o)
                              /home/xuyonglu/OBM/Loader/Build/../../Common/Download/USB2CI/USB2CI_LINUX_ARM.a(xllp_ciu2d.o) (_usb_device_send_data)
/home/xuyonglu/OBM/Loader/Build/../../Common/Download/USB2CI/USB2CI_LINUX_ARM.a(mvUsbDevUtl.o)
                              /home/xuyonglu/OBM/Loader/Build/../../Common/Download/USB2CI/USB2CI_LINUX_ARM.a(mvUsbDevCh9.o) (_usb_device_get_status)
/home/xuyonglu/OBM/Loader/Build/../../Common/Download/USB2CI/USB2CI_LINUX_ARM.a(mvUsbHsDevCncl.o)
                              /home/xuyonglu/OBM/Loader/Build/../../Common/Download/USB2CI/USB2CI_LINUX_ARM.a(mvUsbDevMain.o) (_usb_dci_vusb20_cancel_transfer)
/home/xuyonglu/OBM/Loader/Build/../../Common/Download/USB2CI/USB2CI_LINUX_ARM.a(mvUsbHsDevUtl.o)
                              /home/xuyonglu/OBM/Loader/Build/../../Common/Download/USB2CI/USB2CI_LINUX_ARM.a(mvUsbDevUtl.o) (_usb_dci_vusb20_assert_resume)
/home/xuyonglu/OBM/Loader/Build/../../Common/Download/USB2CI/USB2CI_LINUX_ARM.a(mvUsbHsDevMain.o)
                              /home/xuyonglu/OBM/Loader/Build/../../Common/Download/USB2CI/USB2CI_LINUX_ARM.a(mvUsbHsDevCncl.o) (_usb_dci_vusb20_free_dTD)
/home/xuyonglu/OBM/Loader/Build/../../Common/Download/USB2CI/USB2CI_LINUX_ARM.a(usbPal.o)
                              /home/xuyonglu/OBM/Loader/Build/../../Common/Download/USB2CI/USB2CI_LINUX_ARM.a(mvUsbHsDevMain.o) (_bsp_get_usb_capability_register_base)
/home/xuyonglu/OBM/Loader/Build/../../Common/Download/USB2CI/USB2CI_LINUX_ARM.a(usbPals_linux.o)
                              /home/xuyonglu/OBM/Loader/Build/../../Common/Download/USB2CI/USB2CI_LINUX_ARM.a(usbPal.o) (disableInterrupts)

Allocating common symbols
Common symbol       size              file

rx1_fromcommand     0x4               /home/xuyonglu/OBM/Loader/Build/../../Loader/Platforms/WKNG/release/spi.o
rx_4bytes_read      0x8               /home/xuyonglu/OBM/Loader/Build/../../Loader/Platforms/WKNG/release/spi.o
TX_Desc             0x100             /home/xuyonglu/OBM/Loader/Build/../../Loader/Platforms/WKNG/release/spi.o
pFM_SPACE           0x4               /home/xuyonglu/OBM/Loader/Build/../../Loader/Platforms/WKNG/release/FM.o
GPortState          0x6               /home/xuyonglu/OBM/Loader/Build/../../Loader/Platforms/WKNG/release/ProtocolManager.o
OBM_arm946eControlReg_DS
                    0x4               /home/xuyonglu/OBM/Loader/Build/../../Loader/Platforms/WKNG/release/mpu.o
tx_DMA_cmd          0x8               /home/xuyonglu/OBM/Loader/Build/../../Loader/Platforms/WKNG/release/spi.o
ci2Device           0x168             /home/xuyonglu/OBM/Loader/Build/../../Common/Download/USB2CI/USB2CI_LINUX_ARM.a(mvUsbDevMain.o)
ScratchMemoryArray  0xc               /home/xuyonglu/OBM/Loader/Build/../../Loader/Platforms/WKNG/release/RegInstructions.o
ci2ErrorFlags       0x4               /home/xuyonglu/OBM/Loader/Build/../../Common/Download/USB2CI/USB2CI_LINUX_ARM.a(mvUsbDevMain.o)
gUsbMemPool         0x2000            /home/xuyonglu/OBM/Loader/Build/../../Common/Download/USB2CI/USB2CI_LINUX_ARM.a(usbPal.o)
FlashProp           0x98              /home/xuyonglu/OBM/Loader/Build/../../Loader/Platforms/WKNG/release/Flash.o
tx1_command2        0x4               /home/xuyonglu/OBM/Loader/Build/../../Loader/Platforms/WKNG/release/spi.o
rx_DMA_cmd          0x8               /home/xuyonglu/OBM/Loader/Build/../../Loader/Platforms/WKNG/release/spi.o
GProtocolRsp        0x12              /home/xuyonglu/OBM/Loader/Build/../../Loader/Platforms/WKNG/release/ProtocolManager.o
tx_1bytes           0x5               /home/xuyonglu/OBM/Loader/Build/../../Loader/Platforms/WKNG/release/spi.o
gBatVol             0x2               /home/xuyonglu/OBM/Loader/Build/../../Loader/Platforms/WKNG/release/zimi_bq24295.o
USBDescriptors      0x60              /home/xuyonglu/OBM/Loader/Build/../../Loader/Platforms/WKNG/release/usb_descriptors.o
[...]
Memory Configuration

Name             Origin             Length             Attributes
*default*        0x00000000         0xffffffff

Linker script and memory map

LOAD /home/xuyonglu/OBM/Loader/Build/../../Loader/Platforms/WKNG/release/bl_StartUp_ttc_linux.o
LOAD /home/xuyonglu/OBM/Loader/Build/../../Loader/Platforms/WKNG/release/platform_arch_linux.o
LOAD /home/xuyonglu/OBM/Loader/Build/../../Loader/Platforms/WKNG/release/platform_StartUp_linux.o
LOAD /home/xuyonglu/OBM/Loader/Build/../../Loader/Platforms/WKNG/release/bbu_PI2C_linux.o
LOAD /home/xuyonglu/OBM/Loader/Build/../../Loader/Platforms/WKNG/release/bbu_CI2C_linux.o
LOAD /home/xuyonglu/OBM/Loader/Build/../../Loader/Platforms/WKNG/release/mpu_linux.o
LOAD /home/xuyonglu/OBM/Loader/Build/../../Loader/Platforms/WKNG/release/misc.o
LOAD /home/xuyonglu/OBM/Loader/Build/../../Loader/Platforms/WKNG/release/timer.o
LOAD /home/xuyonglu/OBM/Loader/Build/../../Loader/Platforms/WKNG/release/RegInstructions.o
LOAD /home/xuyonglu/OBM/Loader/Build/../../Loader/Platforms/WKNG/release/keypad.o
LOAD /home/xuyonglu/OBM/Loader/Build/../../Loader/Platforms/WKNG/release/tr069.o
LOAD /home/xuyonglu/OBM/Loader/Build/../../Loader/Platforms/WKNG/release/Flash.o
LOAD /home/xuyonglu/OBM/Loader/Build/../../Loader/Platforms/WKNG/release/FM.o
LOAD /home/xuyonglu/OBM/Loader/Build/../../Loader/Platforms/WKNG/release/dma.o
LOAD /home/xuyonglu/OBM/Loader/Build/../../Loader/Platforms/WKNG/release/BootLoader.o
LOAD /home/xuyonglu/OBM/Loader/Build/../../Loader/Platforms/WKNG/release/BootMode.o
LOAD /home/xuyonglu/OBM/Loader/Build/../../Loader/Platforms/WKNG/release/DownloadMode.o
LOAD /home/xuyonglu/OBM/Loader/Build/../../Loader/Platforms/WKNG/release/TIMDownload.o
LOAD /home/xuyonglu/OBM/Loader/Build/../../Loader/Platforms/WKNG/release/serial.o
LOAD /home/xuyonglu/OBM/Loader/Build/../../Loader/Platforms/WKNG/release/FreqChange.o
LOAD /home/xuyonglu/OBM/Loader/Build/../../Loader/Platforms/WKNG/release/wdt.o
LOAD /home/xuyonglu/OBM/Loader/Build/../../Loader/Platforms/WKNG/release/qpress.o
LOAD /home/xuyonglu/OBM/Loader/Build/../../Loader/Platforms/WKNG/release/quicklz.o
LOAD /home/xuyonglu/OBM/Loader/Build/../../Loader/Platforms/WKNG/release/LzmaDecode.o
LOAD /home/xuyonglu/OBM/Loader/Build/../../Loader/Platforms/WKNG/release/mpu.o
LOAD /home/xuyonglu/OBM/Loader/Build/../../Loader/Platforms/WKNG/release/PlatformConfig.o
LOAD /home/xuyonglu/OBM/Loader/Build/../../Loader/Platforms/WKNG/release/platform_interrupts.o
LOAD /home/xuyonglu/OBM/Loader/Build/../../Loader/Platforms/WKNG/release/ProtocolManager.o
LOAD /home/xuyonglu/OBM/Loader/Build/../../Loader/Platforms/WKNG/release/usb_descriptors.o
LOAD /home/xuyonglu/OBM/Loader/Build/../../Loader/Platforms/WKNG/release/CI2Download.o
LOAD /home/xuyonglu/OBM/Loader/Build/../../Loader/Platforms/WKNG/release/CI2Driver.o
LOAD /home/xuyonglu/OBM/Loader/Build/../../Loader/Platforms/WKNG/release/DDR_Cfg.o
LOAD /home/xuyonglu/OBM/Loader/Build/../../Loader/Platforms/WKNG/release/tim.o
LOAD /home/xuyonglu/OBM/Loader/Build/../../Loader/Platforms/WKNG/release/zimi_bq24295.o
LOAD /home/xuyonglu/OBM/Loader/Build/../../Loader/Platforms/WKNG/release/I2C.o
LOAD /home/xuyonglu/OBM/Loader/Build/../../Loader/Platforms/WKNG/release/charger.o
LOAD /home/xuyonglu/OBM/Loader/Build/../../Loader/Platforms/WKNG/release/spi.o
LOAD /home/xuyonglu/OBM/Loader/Build/../../Loader/Platforms/WKNG/release/macronix.o
LOAD /home/xuyonglu/OBM/Loader/Build/../../Loader/Platforms/WKNG/release/giga.o
LOAD /home/xuyonglu/OBM/Loader/Build/../../Loader/Platforms/WKNG/release/ustica.o
LOAD /home/xuyonglu/OBM/Loader/Build/../../Loader/Platforms/WKNG/release/fan540x.o
TARGET(elf32-littlearm)
LOAD /home/xuyonglu/OBM/Loader/Build/../../Common/Download/USB2CI/USB2CI_LINUX_ARM.a
                0x01c00000                . = 0x1c00000
                0x01c00000                .__main = .
                0x01c00000                . = ALIGN (0x8)

.text           0x01c00000    0x12068
 *(.text)
 .text          0x01c00000      0x3e0 /home/xuyonglu/OBM/Loader/Build/../../Loader/Platforms/WKNG/release/bl_StartUp_ttc_linux.o
                0x01c00000                __main
                0x01c00000                ExceptionVectors
                0x01c00024                ExecutableVersionInfo
                0x01c00040                RedirectionVectors
                0x01c00188                TransferControl
                0x01c0024c                SaveProgramState
                0x01c0027c                SetInterruptVector
                0x01c002d4                EnableIrqInterrupts
                0x01c002e8                DisableIrqInterrupts
                0x01c002fc                raise
                0x01c00300                ObmXsGetProcessorVersion
                0x01c00308                ObmXsGetProcessorSubVersion
                0x01c00310                L1_dcache_cleaninvalid_all
                0x01c00358                L1_dcache_clean_flush_all
                0x01c00384                FlushCache946
                0x01c00394                FlushIcache
                0x01c003a8                FlushDcache
                0x01c003b4                CleanDcache
 .text          0x01c003e0       0x20 /home/xuyonglu/OBM/Loader/Build/../../Loader/Platforms/WKNG/release/platform_arch_linux.o
                0x01c003e0                getCPUMode
 .text          0x01c00400       0x88 /home/xuyonglu/OBM/Loader/Build/../../Loader/Platforms/WKNG/release/platform_StartUp_linux.o
                0x01c00400                SetupInterrupts
                0x01c00418                LoadPlatformConfig
 .text          0x01c00488      0x258 /home/xuyonglu/OBM/Loader/Build/../../Loader/Platforms/WKNG/release/bbu_PI2C_linux.o
                0x01c00488                BBU_PI2C_Init
                0x01c0051c                BBU_getPI2C
                0x01c00634                BBU_putPI2C
 .text          0x01c006e0      0x240 /home/xuyonglu/OBM/Loader/Build/../../Loader/Platforms/WKNG/release/bbu_CI2C_linux.o
                0x01c006e0                BBU_CI2C_Init
                0x01c00760                BBU_getCI2C
                0x01c00870                BBU_putCI2C
 .text          0x01c00920      0x3e8 /home/xuyonglu/OBM/Loader/Build/../../Loader/Platforms/WKNG/release/mpu_linux.o
                0x01c00920                OBM_asm_Arm9ReadCP15_DS
                0x01c00b08                OBM_asm_Arm9WriteCP15_DS
                0x01c00cf0                XsCleanDCacheLine
                0x01c00cf0                asm_arm946e_CleanDCacheLine
                0x01c00cf0                CPUCleanDCacheLine
                0x01c00cfc                XsInvalidateDCacheLine
                0x01c00cfc                CPUInvalidateDCacheLine
                0x01c00cfc                asm_arm946e_InvalidateDCacheLine
 .text          0x01c00d08      0x5e8 /home/xuyonglu/OBM/Loader/Build/../../Loader/Platforms/WKNG/release/misc.o
                0x01c00d08                ReverseBytes
                0x01c00d64                Endian_Convert
                0x01c00d80                memset
                0x01c00d9c                memcpy
                0x01c00dbc                memcmp
                0x01c00e08                ConvertStringToInteger8
                0x01c00e4c                DivideTwoNumbers
                0x01c00eac                ModOfTwoNumbers
                0x01c00ed8                ConvertLongIntToBuf8
                0x01c00f60                ConvertIntToBuf8
                0x01c0105c                __aeabi_idiv0
                0x01c01060                __aeabi_idiv
                0x01c01068                __aeabi_uidiv
                0x01c01070                __aeabi_uidivmod
                0x01c01078                strcmpl
                0x01c010e8                stricmpl
                0x01c01164                strlen
                0x01c01198                memcmpFF
                0x01c011cc                bubble
                0x01c01224                CalcImageChecksum
                0x01c0124c                CalcMRDChecksum
 .text          0x01c012f0      0x24c /home/xuyonglu/OBM/Loader/Build/../../Loader/Platforms/WKNG/release/timer.o
                0x01c012f0                GetOSCR0
                0x01c0131c                OSCR0IntervalInSec
                0x01c01340                OSCR0IntervalInMilli
                0x01c01364                OSCR0IntervalInMicro
                0x01c01384                InitSODTimer
                0x01c013c8                GetSODTimerValue
                0x01c013d8                GetElapsedTimeMilliSecFromSOD
                0x01c01410                GetElapsedTimeUSecFromSOD
                0x01c01444                GetElapsedTimeSecondsFromSOD
                0x01c0147c                Delay
                0x01c014c0                WaitForOperationComplete
 .text          0x01c0153c      0x774 /home/xuyonglu/OBM/Loader/Build/../../Loader/Platforms/WKNG/release/RegInstructions.o
                0x01c0153c                ValidAddress
                0x01c01544                GetSMPtr
                0x01c0155c                WriteInstruction
                0x01c01564                ReadInstruction
                0x01c0157c                WaitForBitSetInstruction
                0x01c015e0                WaitForBitClearInstruction
                0x01c01640                AndInstruction
                0x01c01650                OrInstruction
                0x01c01660                Set_Bitfield_Instruction
                0x01c01690                Wait_For_Bit_Pattern_Instruction
                0x01c01704                Test_If_Zero_And_Set
                0x01c01744                Test_If_Not_Zero_And_Set
                0x01c01788                Load_SM_Addr_Instruction
                0x01c017ac                Store_SM_Addr_Instruction
                0x01c017d0                Load_SM_Val_Instruction
                0x01c017f0                Mov_SM_SM_Instruction
                0x01c01834                Rshift_SM_Val_Instruction
                0x01c0185c                Lshift_SM_Val_Instruction
                0x01c01884                And_SM_Val_Instruction
                0x01c018ac                Or_SM_Val_Instruction
                0x01c018d4                And_SM_SM_Instruction
                0x01c01920                Or_SM_SM_Instruction
                0x01c0196c                Test_SM_If_Zero_And_Set
                0x01c019e4                Test_SM_If_Not_Zero_And_Set
                0x01c01a5c                ProcessInstructions
 .text          0x01c01cb0       0xb4 /home/xuyonglu/OBM/Loader/Build/../../Loader/Platforms/WKNG/release/keypad.o
                0x01c01cb0                InitializeKeypad
                0x01c01d0c                ReadKeypad
 .text          0x01c01d64      0x93c /home/xuyonglu/OBM/Loader/Build/../../Loader/Platforms/WKNG/release/tr069.o
                0x01c01d64                Image_Process
                0x01c01e68                SD_TR069_Upgrade
                0x01c023fc                WebUI_Upgrade
                0x01c0247c                firmware_upgrade
 .text          0x01c026a0      0x5b4 /home/xuyonglu/OBM/Loader/Build/../../Loader/Platforms/WKNG/release/Flash.o
                0x01c026a0                GetFlashProperties
                0x01c026bc                GetCurrentFlashBootType
                0x01c026cc                SetCurrentFlashBootType
                0x01c026dc                GetInitRoutine
                0x01c026f4                Configure_Flashes
                0x01c0280c                Finalize_Flashes
                0x01c0287c                CheckIfSkip
                0x01c028bc                ReadFlash
                0x01c02904                WriteFlash
                0x01c0294c                ResetBBT
                0x01c02954                EraseAllFlash
                0x01c02958                EraseFlash
                0x01c029b8                ResetFlash
                0x01c029f4                ReadOTP
                0x01c02a30                WriteOTP
                0x01c02a6c                LockOTP
                0x01c02aa8                GetBlockSize
                0x01c02ac4                GetPageSize
                0x01c02ae0                GetEraseRegionSize
                0x01c02afc                GetUseSpareArea
                0x01c02b1c                SetUseSpareArea
                0x01c02b50                GetSpareAreaSize
                0x01c02b74                SetSpareAreaSize
                0x01c02bb0                GetUseHwEcc
                0x01c02bd4                SetUseHwEcc
                0x01c02c10                ConvertToLogicalAddr
 .text          0x01c02c54      0xc7c /home/xuyonglu/OBM/Loader/Build/../../Loader/Platforms/WKNG/release/FM.o
                0x01c02c54                ScanBBT_Legacy
                0x01c02cb0                GetFMProperties
                0x01c02cbc                LocateBlock
                0x01c02d0c                SetBBTState
                0x01c02d88                CheckFMEraseState
                0x01c02dd8                ClearFM
                0x01c02e60                CreateReadDisturbList
                0x01c02e98                AddReadDisturbEntry
                0x01c02f1c                ImportReadDisturbList
                0x01c02f60                GetPartitionOffset
                0x01c02f90                CreateBBT_Legacy
                0x01c03054                InitializeFM
                0x01c030a4                UpdateBBT
                0x01c03264                FinalizeFM
                0x01c032c4                RelocateBlock_Legacy
                0x01c033d4                RelocateBlock
                0x01c03438                BinarySearch
                0x01c0388c                FindBBT_Legacy
 .text          0x01c038d0      0x348 /home/xuyonglu/OBM/Loader/Build/../../Loader/Platforms/WKNG/release/dma.o
                0x01c038d0                XLLP_Return_PDmacHandle
                0x01c038e0                alignChannel
                0x01c03908                configDescriptor
                0x01c03950                loadNonDescriptor
                0x01c03994                XllpDmacMapDeviceToChannel
                0x01c039b8                XllpDmacUnMapDeviceToChannel
                0x01c039d8                XllpDmacStartTransfer
                0x01c03a10                XllpDmacStopTransfer
                0x01c03a48                XllpDmacEnableStopIrqInterrupt
                0x01c03a80                XllpDmacNoDescriptorFetch
                0x01c03ab8                XllpDmacDescriptorFetch
                0x01c03af0                loadDescriptor
                0x01c03b10                XllpDmacDisableStopIrqInterrupt
                0x01c03b48                XllpDmacDisableEORInterrupt
                0x01c03b80                XllpDmacEnableEORInterrupt
                0x01c03bb8                XllpDmacClearDmaInterrupt
                0x01c03c04                readDmaStatusRegister
 .text          0x01c03c18      0x848 /home/xuyonglu/OBM/Loader/Build/../../Loader/Platforms/WKNG/release/BootLoader.o
                0x01c03c18                test_led
                0x01c03c1c                ParseTransferStruct
                0x01c03ca0                FatalError
                0x01c03cec                SetupEnvironment
                0x01c03dec                PerformTIMBasedSetup
                0x01c03e3c                DetermineOperatingMode
                0x01c04218                FinalizeSetup
                0x01c0424c                BootLoaderMain
                0x01c0442c                SetupTransferStruct
 .text          0x01c04460      0xdd4 /home/xuyonglu/OBM/Loader/Build/../../Loader/Platforms/WKNG/release/BootMode.o
                0x01c04460                CheckMRD
                0x01c045c0                FinalizeMRD
                0x01c046ec                LoadAllImages
                0x01c04cdc                LoadSilentImages
                0x01c04dd4                LoadBackupImages
                0x01c050e0                BootModeMain
 .text          0x01c05234      0x2e0 /home/xuyonglu/OBM/Loader/Build/../../Loader/Platforms/WKNG/release/DownloadMode.o
                0x01c05234                DetermineModeAndDownload
                0x01c05414                DownloadModeMain
 .text          0x01c05514      0x528 /home/xuyonglu/OBM/Loader/Build/../../Loader/Platforms/WKNG/release/TIMDownload.o
                0x01c05514                DownloadTIMImages
                0x01c059d8                TIMDownloadMain
 .text          0x01c05a3c      0x16c /home/xuyonglu/OBM/Loader/Build/../../Loader/Platforms/WKNG/release/serial.o
                0x01c05a3c                serial_init
                0x01c05aa8                serial_poll
                0x01c05ac8                serial_read
                0x01c05afc                serial_write
                0x01c05b24                serial_outstr
                0x01c05b58                serial_outnum
 .text          0x01c05ba8      0x2e4 /home/xuyonglu/OBM/Loader/Build/../../Loader/Platforms/WKNG/release/FreqChange.o
                0x01c05ba8                setup_pll2
                0x01c05c74                Sea_freq_change
                0x01c05e00                PP_Switch
 .text          0x01c05e8c      0x1e4 /home/xuyonglu/OBM/Loader/Build/../../Loader/Platforms/WKNG/release/wdt.o
                0x01c05f6c                wdt_test
                0x01c05fe0                do_wdt_reset
                0x01c05ff8                zimi_wdt_test
                0x01c06064                zimi_do_wdt_reset
 .text          0x01c06070      0x21c /home/xuyonglu/OBM/Loader/Build/../../Loader/Platforms/WKNG/release/qpress.o
                0x01c06070                adler
                0x01c06104                quickLZ_decompress
 .text          0x01c0628c      0x928 /home/xuyonglu/OBM/Loader/Build/../../Loader/Platforms/WKNG/release/quicklz.o
                0x01c0637c                qlz_get_setting
                0x01c06394                qlz_size_decompressed
                0x01c063d8                qlz_size_compressed
                0x01c06414                qlz_compress
                0x01c069c0                qlz_decompress
 .text          0x01c06bb4      0xb60 /home/xuyonglu/OBM/Loader/Build/../../Loader/Platforms/WKNG/release/LzmaDecode.o
                0x01c06bb4                RangeDecoderReadByte
                0x01c06bdc                RangeDecoderInit
                0x01c06c48                RangeDecoderDecodeDirectBits
                0x01c06cc0                RangeDecoderBitDecode
                0x01c06d98                RangeDecoderBitTreeDecode
                0x01c06e58                RangeDecoderReverseBitTreeDecode
                0x01c06f2c                LzmaLiteralDecode
                0x01c06fcc                LzmaLiteralDecodeMatch
                0x01c07120                LzmaLenDecode
                0x01c071b0                LzmaDecode
                0x01c07594                LZMA_Decompress
 .text          0x01c07714      0x5e0 /home/xuyonglu/OBM/Loader/Build/../../Loader/Platforms/WKNG/release/mpu.o
                0x01c07714                OBM_Arm946eCP15GetControlReg_DS
                0x01c0773c                OBM_Arm946eCP15SetMPUDisable_DS
                0x01c07770                OBM_Arm946eCP15SetMPUEnalbe_DS
                0x01c077a4                OBM_Arm946eCP15SetInstCacheEnable_DS
                0x01c077d8                OBM_Arm946eCP15SetBPUDisable_DS
                0x01c0780c                OBM_Arm946eCP15SetInstCacheDisable_DS
                0x01c07840                OBM_Arm946eCP15SetDataCacheDisable_DS
                0x01c07874                OBM_Arm946eCP15SetDataCacheEnable_DS
                0x01c078a8                OBM_Arm946eCP15GetMPUEnalbe_DS
                0x01c078d0                OBM_Arm946eCP15RestoreMPUEnableDisable_DS
                0x01c07910                OBM_Arm946eCP15SetRegionBaseAndSizeReg_DS
                0x01c07990                OBM_Arm946eCP15SetRegionAccessPermission_DS
                0x01c07a80                OBM_Arm946MpuInitRegion_DS
                0x01c07b40                OBM_Arm946eMpuInit_DS
                0x01c07ba4                CacheInvalidateMemory
                0x01c07c24                CacheCleanMemory
                0x01c07c58                OBM_Arm946eCP15InvalidateInstCache
                0x01c07c64                OBM_Arm946eCP15InvalidateDataCache
                0x01c07c70                OBM_Arm946eCP15DrainWriteBuffer
                0x01c07c7c                L1_writebuffer_drain
                0x01c07c88                OBM_MPUCache_Init
                0x01c07cac                OBM_Flush
                0x01c07cd0                OBM_MPUCache_Disable
 .text          0x01c07cf4      0x9dc /home/xuyonglu/OBM/Loader/Build/../../Loader/Platforms/WKNG/release/PlatformConfig.o
                0x01c07d14                PlatformCI2Ready
                0x01c07d70                PlatformCI2InterruptEnable
                0x01c07d78                ConfigRegResume
                0x01c07da0                ConfigRegSave
                0x01c07dc0                ConfigRegRestore
                0x01c07de4                ChipSelect2
                0x01c07dec                ChipSelectSPI
                0x01c07e38                ChipSelectSPI_CS
                0x01c07e84                RestoreDefaultConfig
                0x01c07ed4                SaveDefaultConfig
                0x01c07f18                PlatformKeypadConfig
                0x01c07f4c                PlatformUARTConfig
                0x01c07f88                PlatformCI2InterruptDisable
                0x01c07f90                PlatformCI2Transmit
                0x01c07f98                PlatformCI2InterruptHandler
                0x01c07f9c                PlatformCI2Shutdown
                0x01c07fdc                PlatformCI2Init
                0x01c08210                CheckDefaultClocks
                0x01c082c4                PlatformNandClocksEnable
                0x01c082fc                PlatformNandClocksDisable
                0x01c08318                GetUSBIDFuseBits
                0x01c08320                PlatformI2CClocksEnable
                0x01c08380                PlatformChargerConfig
                0x01c083d0                PlatformPI2CConfig
                0x01c0842c                FuseOverwriteForDownload
                0x01c08430                PlatformSetForceUSBEnumFlag
                0x01c08448                PlatformCheckForceUSBEnumFlag
                0x01c0846c                PlatformClearForceUSBEnumFlag
                0x01c08480                PlatformPrepareOBMVersion
                0x01c08498                PlatformCheckProductionMode
                0x01c08510                PlatformClearProductionMode
                0x01c0852c                PlatformProtectBootBlocks
                0x01c08530                PlatformCheckLTGLWGFlag
                0x01c08540                PlatformSetLTGLWGFlag
                0x01c08550                PlatformClearLTGLWGFlag
                0x01c08564                PlatformSetCurrentMRDAddr
                0x01c08574                PlatformSetMRDAddr
                0x01c085bc                PlatformCheckResetFlag
                0x01c085cc                PlatformSetTR069Flag
                0x01c085e4                PlatformCheckBackupImagesFlag
                0x01c08630                PlatformClearBackupImagesFlag
                0x01c08648                zimi_led_init
                0x01c086c4                PlatfromBqConfig
 .text          0x01c086d0      0x298 /home/xuyonglu/OBM/Loader/Build/../../Loader/Platforms/WKNG/release/platform_interrupts.o
                0x01c086d0                GetPortInterruptFlag
                0x01c086e0                SetPortInterruptFlag
                0x01c086f4                ClearPortInterruptFlag
                0x01c08708                EnableInt
                0x01c08728                DisableInt
                0x01c08744                IRQ_Glb_Ena
                0x01c087ac                EnablePeripheralIRQInterrupt
                0x01c087c8                DisablePeripheralIRQInterrupt
                0x01c087e4                GetIrqStatus
                0x01c08834                IrqHandler
                0x01c08894                UndefinedHandler
                0x01c088b0                SwiHandler
                0x01c088b4                PrefetchHandler
                0x01c088b8                AbortHandler
                0x01c088d4                FiqHandler
                0x01c088d8                INT_init
 .text          0x01c08968     0x10a0 /home/xuyonglu/OBM/Loader/Build/../../Loader/Platforms/WKNG/release/ProtocolManager.o
                0x01c08968                getProtocolISR
                0x01c08974                getProtocolCmd
                0x01c08980                getProtocolRsp
                0x01c0898c                getProtocolMsg
                0x01c08998                setProtocolError
                0x01c089a8                getProtocolError
                0x01c089b8                SendResponse
                0x01c089f0                SendAck
                0x01c08a48                SendError
                0x01c08ab4                GetPortState
                0x01c08b30                ShutdownPort
                0x01c08b70                SetPortAsInitialize
                0x01c08bfc                HandleGetVersionCmd
                0x01c08c34                HandleSelectImageCmd
                0x01c08c54                HandleVerifyImageCmd
                0x01c08c74                HandleDataCmd
                0x01c08c88                HandleDoneCmd
                0x01c08ca8                unknown_protocol_command
                0x01c08d88                HandleInvalidCmd
                0x01c08dd4                HandleMessageCmd
                0x01c08ef8                InitPort
                0x01c08f50                ShutdownPorts
                0x01c08f58                HandleUploadDataCmd
                0x01c0905c                CopyUploadDataIntoBuffer
                0x01c090ec                VerifyUploadParameters
                0x01c09130                HandleProtocolVersionCmd
                0x01c091b4                HandleGetParametersCmd
                0x01c09234                AddMessageError
                0x01c09330                HandleUploadDataHeaderCmd
                0x01c09470                HandleDataHeaderCmd
                0x01c0954c                InitMessageQueue
                0x01c09574                ProtocolVerifyPreamble
                0x01c095ac                CheckProtocolTimeOut
                0x01c095ec                GetPreamble
                0x01c09638                GetCommand
                0x01c0968c                HandleUploadFlow
                0x01c09724                HandleDownloadFlow
                0x01c09828                HandleDisconnect
                0x01c098f8                HandleRequest
 .text          0x01c09a08      0x3b0 /home/xuyonglu/OBM/Loader/Build/../../Loader/Platforms/WKNG/release/usb_descriptors.o
                0x01c09a08                CheckAndFillStringIndexTable
                0x01c09acc                SetUpUSBDescriptors
                0x01c09d24                FindVendorRequestInTIM
 .text          0x01c09db8      0x3d8 /home/xuyonglu/OBM/Loader/Build/../../Loader/Platforms/WKNG/release/CI2Download.o
                0x01c09db8                getCI2ReceiveBuff
                0x01c09dc8                CI2Transmit
                0x01c09dfc                CI2Receive
                0x01c09e30                CI2GetMsg
                0x01c0a14c                ImageCI2InterruptHandler
 .text          0x01c0a190       0x48 /home/xuyonglu/OBM/Loader/Build/../../Loader/Platforms/WKNG/release/CI2Driver.o
                0x01c0a190                BootRomCI2HWShutdown
                0x01c0a1b0                BootRomCI2SWInit
 .text          0x01c0a1d8      0x428 /home/xuyonglu/OBM/Loader/Build/../../Loader/Platforms/WKNG/release/DDR_Cfg.o
                0x01c0a1d8                CheckMemoryReliability
                0x01c0a21c                ProcessDDROps
                0x01c0a2cc                ConfigureDDRMemory
                0x01c0a42c                CheckAndConfigureDDR
                0x01c0a508                ReadBitField
                0x01c0a524                GetDDRBaseAddress
                0x01c0a538                GetDDRSize
 .text          0x01c0a600      0x764 /home/xuyonglu/OBM/Loader/Build/../../Loader/Platforms/WKNG/release/tim.o
                0x01c0a600                GetTimPointer
                0x01c0a60c                GetTIMValidationStatus
                0x01c0a61c                SetTIMValidationStatus
                0x01c0a62c                SetTIMPointers
                0x01c0a6a0                ReturnPImgPtr
                0x01c0a6c0                ReturnImgPartitionNumber
                0x01c0a6d8                CheckReserved
                0x01c0a728                FindPackageInReserved
                0x01c0a7bc                FindFirstPackageTypeInReserved
                0x01c0a8a0                FindNextPackageTypeInReserved
                0x01c0a9a4                FindKeyInTIM
                0x01c0a9f0                FindImageInTIM
                0x01c0aa54                LoadTim
                0x01c0abc4                FindImageTypeInTIM
                0x01c0ac28                InitDefaultPort
                0x01c0ac6c                CheckResumeBLPackage
                0x01c0acc0                FindMyConsumerArray
 .text          0x01c0ad64      0xa3c /home/xuyonglu/OBM/Loader/Build/../../Loader/Platforms/WKNG/release/zimi_bq24295.o
                0x01c0ad64                LED_BAT_R_ON
                0x01c0ad90                LED_BAT_R_OFF
                0x01c0adbc                LED_ALL_OFF
                0x01c0ae10                zimi_delay_ms_chg
                0x01c0ae74                zimi_delay_ms
                0x01c0aeb4                IIC_read
                0x01c0aec8                IIC_write
                0x01c0aedc                zimiInitBqChip
                0x01c0b01c                get_charge_type
                0x01c0b0ac                PB05_charging_loop
                0x01c0b360                LED_BAT_G_ON
                0x01c0b38c                LED_BAT_G_OFF
                0x01c0b3b8                LED_LTE_R_ON
                0x01c0b3ec                LED_LTE_R_OFF
                0x01c0b420                LED_LTE_G_ON
                0x01c0b454                LED_LTE_G_OFF
                0x01c0b488                LED_WIFI_G_ON
                0x01c0b4b4                LED_WIFI_G_OFF
                0x01c0b4e0                LED_WIFI_R_ON
                0x01c0b508                LED_WIFI_R_OFF
                0x01c0b530                LED_ALL_ON
                0x01c0b584                zimi_blink_led
                0x01c0b5cc                zimiCheckBackupImagesFlag
                0x01c0b60c                OUTPUT_BOOST_ENABLE
                0x01c0b640                bqTempDetect
                0x01c0b720                zimi_force_minisys
 .text          0x01c0b7a0      0x8f8 /home/xuyonglu/OBM/Loader/Build/../../Loader/Platforms/WKNG/release/I2C.o
                0x01c0b7a0                GetBatteryPercent
                0x01c0b7c4                I2cInit
                0x01c0b820                check_ExternalPower
                0x01c0b9c0                check_Battery_Status
                0x01c0bbb0                battery_process_step4
                0x01c0bbb4                battery_process_step3
                0x01c0bbb8                battery_process_step2
                0x01c0bc94                battery_full
                0x01c0bd08                battery_timer
                0x01c0bdc8                check_battery
                0x01c0be04                battery_charge
                0x01c0bf24                battery_process_step1
 .text          0x01c0c098       0x84 /home/xuyonglu/OBM/Loader/Build/../../Loader/Platforms/WKNG/release/charger.o
                0x01c0c098                EnableCharger
                0x01c0c0d8                DisableCharger
                0x01c0c118                ConfigCharger
 .text          0x01c0c11c      0xda8 /home/xuyonglu/OBM/Loader/Build/../../Loader/Platforms/WKNG/release/spi.o
                0x01c0c11c                InitializeSPIDevice
                0x01c0c2bc                ROW_DELAY
                0x01c0c2c0                SPINOR_DisableSSP
                0x01c0c2dc                SPINOR_WaitSSPComplete
                0x01c0c2f4                SPINOR_Reset
                0x01c0c350                SPINOR_ReadStatus
                0x01c0c404                SPINOR_WriteEnable
                0x01c0c460                zimi_SPIReadSpansion
                0x01c0c4e4                SPINOR_ReadId
                0x01c0c59c                SPINOR_Page_Program_DMA
                0x01c0c7c4                SPINOR_Write
                0x01c0c874                SPINOR_Read_DMA
                0x01c0cba4                SPINOR_Read
                0x01c0cc48                SPINOR_EraseSector
                0x01c0cd14                SPINOR_Erase
                0x01c0ce48                SPINOR_Wipe
 .text          0x01c0cec4      0xbd0 /home/xuyonglu/OBM/Loader/Build/../../Loader/Platforms/WKNG/release/macronix.o
                0x01c0cec4                MX_SPINOR_ReadReg
                0x01c0cf90                MX_SPINOR_CheckStatus
                0x01c0cfe0                MX_SPINOR_WriteStatus
                0x01c0d074                MX_SPINOR_Protect_Blocks
                0x01c0d10c                MX_SPINOR_UnProtectBlocks
                0x01c0d190                MX_Read
                0x01c0d4b4                MX_SPINOR_Read
                0x01c0d558                MX_Write
                0x01c0d7a0                MX_SPINOR_Write
                0x01c0d834                MX_EraseSector
                0x01c0da08                MX_SPINOR_Erase
 .text          0x01c0da94      0xd9c /home/xuyonglu/OBM/Loader/Build/../../Loader/Platforms/WKNG/release/giga.o
                0x01c0da94                Giga_SPINor_ReadReg
                0x01c0db54                Giga_SPINor_WriteStatus
                0x01c0dbe8                Giga_SPINor_Protect_Blocks
                0x01c0dc7c                Giga_SPINor_UnProtectBlocks
                0x01c0dd10                Giga_ReadStatus
                0x01c0de34                Giga_Enable4BytesMode
                0x01c0dea8                Giga_Disable4BytesMode
                0x01c0df2c                Giga_Read
                0x01c0e250                Giga_SPINor_Read
                0x01c0e2f4                Giga_Write
                0x01c0e53c                Giga_SPINor_Write
                0x01c0e5d8                Giga_EraseSector
                0x01c0e7ac                Giga_SPINor_Erase
 .text          0x01c0e830      0x9fc /home/xuyonglu/OBM/Loader/Build/../../Loader/Platforms/WKNG/release/ustica.o
                0x01c0e830                UsticaBaseWrite
                0x01c0e844                UsticaBaseRead
                0x01c0e870                UsticaPowerWrite
                0x01c0e884                UsticaPowerRead
                0x01c0e8b0                UsticaGpadcWrite
                0x01c0e8c4                UsticaGpadcRead
                0x01c0e8f0                UsticaTestWrite
                0x01c0e904                UsticaTestRead
                0x01c0e930                check_UsticaID
                0x01c0e998                ustica_read_volt_meas_val
                0x01c0e9d4                ReadBatVolt
                0x01c0ea08                ReadBatTemp
                0x01c0ea88                GetBatInstantVolt
                0x01c0eb28                check_USBConnect
                0x01c0eb70                check_BatteryConnect
                0x01c0ebb8                check_wakeup
                0x01c0ec9c                check_BootONKey
                0x01c0ed1c                System_poweroff
                0x01c0ed5c                Reset_Reg
                0x01c0eddc                Charger_init
                0x01c0ee70                Voltage_set_main
                0x01c0ee9c                Enable_SMPL
                0x01c0ef7c                ustica_read_gpadc1
                0x01c0f000                Readtbat
                0x01c0f104                GetBatInstantTemp
                0x01c0f190                GetBatTemp
                0x01c0f1b8                HandleTempVoltageThreshold
 .text          0x01c0f22c      0x298 /home/xuyonglu/OBM/Loader/Build/../../Loader/Platforms/WKNG/release/fan540x.o
                0x01c0f22c                FAN540XWrite
                0x01c0f240                FAN540XRead
                0x01c0f26c                EnableFAN540XCharger
                0x01c0f284                DisableFAN540XCharger
                0x01c0f29c                resetTimer
                0x01c0f2a8                check_Fan540XID
                0x01c0f328                ConfigFAN540XCharger
                0x01c0f498                Charger_Voltage_Set
 .text          0x01c0f4c4      0x678 /home/xuyonglu/OBM/Loader/Build/../../Common/Download/USB2CI/USB2CI_LINUX_ARM.a(xllp_ciu2d.o)
                0x01c0f4c4                xllpCI2ControlProcessIdle
                0x01c0f6cc                CI2_ResetBufPosition
                0x01c0f710                CI2_ResetBufPositionForDDR
                0x01c0f758                CI2InterruptHandler
                0x01c0f778                xllpCI2HWShutdown
                0x01c0f7b0                xllpCI2SWInit
                0x01c0f8d8                xllpIsEnumCompleted
                0x01c0f908                xllpCI2GetEndPointTransferDirection
                0x01c0f95c                xllpCI2Xfer
                0x01c0fa14                xllpCI2InterruptEnable
                0x01c0fa44                xllpCI2InterruptDisable
                0x01c0fa74                mv_usb_start_ep0
                0x01c0fae4                xllpCI2ControlReset
 .text          0x01c0fb3c      0x770 /home/xuyonglu/OBM/Loader/Build/../../Common/Download/USB2CI/USB2CI_LINUX_ARM.a(mvUsbDevCh9.o)
                0x01c0fb3c                mvUsbCh9GetStatus
                0x01c0fbf8                mvUsbCh9ClearFeature
                0x01c0fd10                mvUsbCh9SetFeature
                0x01c0fe64                mvUsbCh9SetAddress
                0x01c0feac                mvUsbCh9GetDescriptior
                0x01c1006c                mvUsbCh9SetDescriptior
                0x01c10070                mvUsbCh9GetConfig
                0x01c1007c                mvUsbCh9SetConfig
                0x01c10210                mvUsbDummyFunc
                0x01c10214                mvUsbCh9GetInterface
                0x01c10218                mvUsbCh9SetInterface
                0x01c1021c                ch9Class
                0x01c10220                mvUsbCh9ProcessVendorRequest
 .text          0x01c102ac      0x4c4 /home/xuyonglu/OBM/Loader/Build/../../Common/Download/USB2CI/USB2CI_LINUX_ARM.a(mvUsbDevMain.o)
                0x01c102ac                _usb_device_free_XD
                0x01c102e8                _usb_device_cleanup
                0x01c10340                _usb_device_get_handle
                0x01c10360                _usb_device_get_max_endpoint
                0x01c10368                _usb_device_init
                0x01c104c0                _usb_device_register_service
                0x01c1055c                _usb_device_unregister_service
                0x01c105d4                _usb_device_call_service
                0x01c1063c                _usb_device_init_endpoint
                0x01c10684                _usb_device_deinit_endpoint
                0x01c10688                _usb_device_get_transfer_status
                0x01c1068c                _usb_device_get_transfer_details
                0x01c106ac                _usb_device_read_setup_data
                0x01c106b0                _usb_device_cancel_transfer
                0x01c106b4                _usb_device_shutdown
 .text          0x01c10770       0x7c /home/xuyonglu/OBM/Loader/Build/../../Common/Download/USB2CI/USB2CI_LINUX_ARM.a(mvUsbDevRecv.o)
                0x01c10770                _usb_device_recv_data
 .text          0x01c107ec       0x7c /home/xuyonglu/OBM/Loader/Build/../../Common/Download/USB2CI/USB2CI_LINUX_ARM.a(mvUsbDevSend.o)
                0x01c107ec                _usb_device_send_data
 .text          0x01c10868      0x230 /home/xuyonglu/OBM/Loader/Build/../../Common/Download/USB2CI/USB2CI_LINUX_ARM.a(mvUsbDevUtl.o)
                0x01c10868                _usb_device_unstall_endpoint
                0x01c1086c                _usb_device_get_status
                0x01c1090c                _usb_device_set_status
                0x01c109c0                _usb_device_stall_endpoint
                0x01c109c4                _usb_device_assert_resume
                0x01c109c8                _usb_status
                0x01c109cc                _usb_regs
                0x01c109f8                _usb_ep_status
                0x01c10a50                _usb_debug_set_flags
                0x01c10a70                _usb_debug_get_flags
                0x01c10a90                _usb_debug_init_trace_log
                0x01c10a94                _usb_debug_print_trace_log
 .text          0x01c10a98      0x1e8 /home/xuyonglu/OBM/Loader/Build/../../Common/Download/USB2CI/USB2CI_LINUX_ARM.a(mvUsbHsDevCncl.o)
                0x01c10a98                _usb_dci_vusb20_cancel_transfer
 .text          0x01c10c80      0x17c /home/xuyonglu/OBM/Loader/Build/../../Common/Download/USB2CI/USB2CI_LINUX_ARM.a(mvUsbHsDevUtl.o)
                0x01c10c80                _usb_dci_vusb20_assert_resume
                0x01c10c98                _usb_dci_vusb20_stall_endpoint
                0x01c10cdc                _usb_dci_vusb20_unstall_endpoint
                0x01c10d00                _usb_dci_vusb20_get_endpoint_status
                0x01c10d2c                _usb_dci_vusb20_set_test_mode
                0x01c10d90                _usb_dci_vusb20_set_endpoint_status
                0x01c10db8                _usb_dci_vusb20_reset_data_toggle
 .text          0x01c10dfc      0xfac /home/xuyonglu/OBM/Loader/Build/../../Common/Download/USB2CI/USB2CI_LINUX_ARM.a(mvUsbHsDevMain.o)
                0x01c10dfc                _usb_dci_vusb20_free_dTD
                0x01c10e44                _usb_dci_vusb20_add_dTD
                0x01c110d4                _usb_dci_vusb20_process_tr_complete
                0x01c112b4                _usb_dci_vusb20_process_reset
                0x01c11374                _usb_dci_vusb20_process_suspend
                0x01c113c4                _usb_dci_vusb20_process_SOF
                0x01c113fc                _usb_dci_vusb20_process_port_change
                0x01c11504                _usb_dci_vusb20_process_error
                0x01c11518                _usb_dci_vusb20_isr
                0x01c1159c                _usb_dci_vusb20_set_speed_full
                0x01c115b0                _usb_dci_vusb20_suspend_phy
                0x01c115c4                _usb_dci_vusb20_set_address
                0x01c115e4                _usb_dci_vusb20_get_setup_data
                0x01c1169c                _usb_dci_vusb20_init_endpoint
                0x01c117b4                _usb_dci_vusb20_get_transfer_status
                0x01c117d4                _usb_dci_vusb20_get_transfer_details
                0x01c118ac                _usb_dci_vusb20_deinit_endpoint
                0x01c11910                _usb_dci_vusb20_shutdown
                0x01c1195c                _usb_dci_vusb20_set_xcvr_interface
                0x01c11974                _usb_dci_vusb20_set_xcvr_width
                0x01c1198c                _usb_dci_vusb20_set_speed_high
                0x01c119a0                _usb_dci_vusb20_chip_initialize
                0x01c11bfc                _usb_dci_vusb20_init
                0x01c11d18                _usb_dci_vusb20_enable_endpoint
 .text          0x01c11da8      0x294 /home/xuyonglu/OBM/Loader/Build/../../Common/Download/USB2CI/USB2CI_LINUX_ARM.a(usbPal.o)
                0x01c11da8                _bsp_get_usb_capability_register_base
                0x01c11db4                K_initDynamicPool
                0x01c11e08                K_malloc
                0x01c11edc                K_free
                0x01c12028                USB_MEM_ALIGN
 .text          0x01c1203c       0x28 /home/xuyonglu/OBM/Loader/Build/../../Common/Download/USB2CI/USB2CI_LINUX_ARM.a(usbPals_linux.o)
                0x01c1203c                disableInterrupts
                0x01c1204c                restoreInterrupts
                0x01c12068                . = ALIGN (0x8)
 *fill*         0x01c12064        0x4 00

.glue_7         0x01c12068        0x0
 .glue_7        0x00000000        0x0 linker stubs

.glue_7t        0x01c12068        0x0
 .glue_7t       0x00000000        0x0 linker stubs

.vfp11_veneer   0x01c12068        0x0
 .vfp11_veneer  0x00000000        0x0 linker stubs

.v4_bx          0x01c12068        0x0
 .v4_bx         0x00000000        0x0 linker stubs

.iplt           0x01c12068        0x0
 .iplt          0x00000000        0x0 /home/xuyonglu/OBM/Loader/Build/../../Loader/Platforms/WKNG/release/bl_StartUp_ttc_linux.o

.rodata         0x01c12068      0x588
 *(.rodata)
 .rodata        0x01c12068       0x24 /home/xuyonglu/OBM/Loader/Build/../../Loader/Platforms/WKNG/release/BootMode.o
 .rodata        0x01c1208c       0x11 /home/xuyonglu/OBM/Loader/Build/../../Loader/Platforms/WKNG/release/serial.o
                0x01c1208c                digits
 *fill*         0x01c1209d        0x3 00
 .rodata        0x01c120a0       0x68 /home/xuyonglu/OBM/Loader/Build/../../Loader/Platforms/WKNG/release/quicklz.o
 .rodata        0x01c12108       0x6c /home/xuyonglu/OBM/Loader/Build/../../Loader/Platforms/WKNG/release/mpu.o
                0x01c12108                OBM_arm946eMpuRegionsL_UpR0_DS
 .rodata        0x01c12174      0x330 /home/xuyonglu/OBM/Loader/Build/../../Loader/Platforms/WKNG/release/PlatformConfig.o
                0x01c12174                spi_pins
                0x01c121b0                spi_pins_cs
                0x01c121f8                common_pins
                0x01c1221c                cs0_common_pins
                0x01c1224c                io_pins
                0x01c12318                charger_pins
                0x01c12348                keypad_pins
                0x01c12378                uart_pins
                0x01c1239c                pi2c_pins
                0x01c12420                zimi_led_pins
                0x01c12468                zimi_ci2c_pins
                0x01c1248c                production_mode_pins
 .rodata        0x01c124a4        0x4 /home/xuyonglu/OBM/Loader/Build/../../Loader/Platforms/WKNG/release/ProtocolManager.o
                0x01c124a4                preambleString
 .rodata        0x01c124a8      0x13c /home/xuyonglu/OBM/Loader/Build/../../Loader/Platforms/WKNG/release/usb_descriptors.o
                0x01c124a8                U2DDeviceDesc
                0x01c124ba                U2DConfigDesc
                0x01c124da                UsbStringDesc_LangID
                0x01c124de                UsbStringDesc_ManufacturerStr
                0x01c124ee                UsbStringDesc_ProductStr
                0x01c124fc                UsbStringDesc_SerialNumStr
                0x01c124fe                UsbStringDesc_InterfaceStr
                0x01c12510                UsbStringDesc_DefaultStr
                0x01c12512                UsbConfigDesc
                0x01c12532                UsbDeviceDesc
                0x01c12544                defaultUdcEndpointConfigTable
                0x01c12584                defaultU2DEndpointConfigTable
 .rodata        0x01c125e4        0x2 /home/xuyonglu/OBM/Loader/Build/../../Loader/Platforms/WKNG/release/CI2Download.o
                0x01c125e4                usbReceiveEp
                0x01c125e5                usbTransmitEp
 .rodata        0x01c125e6        0xa /home/xuyonglu/OBM/Loader/Build/../../Loader/Platforms/WKNG/release/ustica.o

.rodata.str1.1  0x01c125f0      0xf16
 .rodata.str1.1
                0x01c125f0      0x10f /home/xuyonglu/OBM/Loader/Build/../../Loader/Platforms/WKNG/release/tr069.o
                                0x111 (size before relaxing)
 .rodata.str1.1
                0x01c126ff      0x1eb /home/xuyonglu/OBM/Loader/Build/../../Loader/Platforms/WKNG/release/BootLoader.o
                                0x1ff (size before relaxing)
 .rodata.str1.1
                0x01c128ea      0x2b4 /home/xuyonglu/OBM/Loader/Build/../../Loader/Platforms/WKNG/release/BootMode.o
                                0x2ca (size before relaxing)
 .rodata.str1.1
                0x00000000       0x28 /home/xuyonglu/OBM/Loader/Build/../../Loader/Platforms/WKNG/release/DownloadMode.o
 .rodata.str1.1
                0x01c12b9e       0x14 /home/xuyonglu/OBM/Loader/Build/../../Loader/Platforms/WKNG/release/FreqChange.o
                                 0x16 (size before relaxing)
 .rodata.str1.1
                0x01c12bb2       0x37 /home/xuyonglu/OBM/Loader/Build/../../Loader/Platforms/WKNG/release/wdt.o
 .rodata.str1.1
                0x01c12be9       0x19 /home/xuyonglu/OBM/Loader/Build/../../Loader/Platforms/WKNG/release/qpress.o
 .rodata.str1.1
                0x01c12c02      0x133 /home/xuyonglu/OBM/Loader/Build/../../Loader/Platforms/WKNG/release/LzmaDecode.o
                                0x135 (size before relaxing)
 .rodata.str1.1
                0x01c12d35       0x6c /home/xuyonglu/OBM/Loader/Build/../../Loader/Platforms/WKNG/release/PlatformConfig.o
                                 0x7f (size before relaxing)
 .rodata.str1.1
                0x01c12da1       0x20 /home/xuyonglu/OBM/Loader/Build/../../Loader/Platforms/WKNG/release/platform_interrupts.o
 .rodata.str1.1
                0x01c12dc1       0x70 /home/xuyonglu/OBM/Loader/Build/../../Loader/Platforms/WKNG/release/ProtocolManager.o
                                 0x7a (size before relaxing)
 .rodata.str1.1
                0x01c12e31       0x14 /home/xuyonglu/OBM/Loader/Build/../../Loader/Platforms/WKNG/release/CI2Download.o
                                 0x16 (size before relaxing)
 .rodata.str1.1
                0x01c12e45       0x31 /home/xuyonglu/OBM/Loader/Build/../../Loader/Platforms/WKNG/release/DDR_Cfg.o
 .rodata.str1.1
                0x01c12e76      0x1cc /home/xuyonglu/OBM/Loader/Build/../../Loader/Platforms/WKNG/release/zimi_bq24295.o
                                0x1da (size before relaxing)
 .rodata.str1.1
                0x01c13042      0x13f /home/xuyonglu/OBM/Loader/Build/../../Loader/Platforms/WKNG/release/I2C.o
                                0x141 (size before relaxing)
 .rodata.str1.1
                0x01c13181       0x1f /home/xuyonglu/OBM/Loader/Build/../../Loader/Platforms/WKNG/release/charger.o
 .rodata.str1.1
                0x01c131a0       0x73 /home/xuyonglu/OBM/Loader/Build/../../Loader/Platforms/WKNG/release/spi.o
                                 0x75 (size before relaxing)
 .rodata.str1.1
                0x01c13213       0xbc /home/xuyonglu/OBM/Loader/Build/../../Loader/Platforms/WKNG/release/macronix.o
 .rodata.str1.1
                0x01c132cf       0x30 /home/xuyonglu/OBM/Loader/Build/../../Loader/Platforms/WKNG/release/giga.o
                                 0xd4 (size before relaxing)
 .rodata.str1.1
                0x01c132ff      0x194 /home/xuyonglu/OBM/Loader/Build/../../Loader/Platforms/WKNG/release/ustica.o
                                0x1a3 (size before relaxing)
 .rodata.str1.1
                0x01c13493       0x49 /home/xuyonglu/OBM/Loader/Build/../../Loader/Platforms/WKNG/release/fan540x.o
                                 0x7e (size before relaxing)
 .rodata.str1.1
                0x01c134dc       0x19 /home/xuyonglu/OBM/Loader/Build/../../Common/Download/USB2CI/USB2CI_LINUX_ARM.a(mvUsbDevCh9.o)
 .rodata.str1.1
                0x01c134f5       0x11 /home/xuyonglu/OBM/Loader/Build/../../Common/Download/USB2CI/USB2CI_LINUX_ARM.a(mvUsbHsDevMain.o)

.rel.dyn        0x01c13508        0x0
 .rel.iplt      0x00000000        0x0 /home/xuyonglu/OBM/Loader/Build/../../Loader/Platforms/WKNG/release/bl_StartUp_ttc_linux.o
 .rel.got       0x00000000        0x0 /home/xuyonglu/OBM/Loader/Build/../../Loader/Platforms/WKNG/release/bl_StartUp_ttc_linux.o
                0x01c13508                . = ALIGN (0x8)

.got            0x01c13508       0x54
 *(.got)
 .got           0x01c13508       0x54 /home/xuyonglu/OBM/Loader/Build/../../Loader/Platforms/WKNG/release/bl_StartUp_ttc_linux.o
                0x01c13560                . = ALIGN (0x8)
                0x01c13560                __egot = .
                0x01c16000                . = 0x1c16000
                0x01c16000                . = ALIGN (0x8)
                0x01c16000                __data_start = .

.data           0x01c16000      0x3cd load address 0x01c13560
 *(.data)
 .data          0x01c16000        0x0 /home/xuyonglu/OBM/Loader/Build/../../Loader/Platforms/WKNG/release/bl_StartUp_ttc_linux.o
 .data          0x01c16000        0x0 /home/xuyonglu/OBM/Loader/Build/../../Loader/Platforms/WKNG/release/platform_arch_linux.o
 .data          0x01c16000        0x0 /home/xuyonglu/OBM/Loader/Build/../../Loader/Platforms/WKNG/release/platform_StartUp_linux.o
 .data          0x01c16000        0x0 /home/xuyonglu/OBM/Loader/Build/../../Loader/Platforms/WKNG/release/bbu_PI2C_linux.o
 .data          0x01c16000        0x0 /home/xuyonglu/OBM/Loader/Build/../../Loader/Platforms/WKNG/release/bbu_CI2C_linux.o
 .data          0x01c16000        0x0 /home/xuyonglu/OBM/Loader/Build/../../Loader/Platforms/WKNG/release/mpu_linux.o
 .data          0x01c16000        0x0 /home/xuyonglu/OBM/Loader/Build/../../Loader/Platforms/WKNG/release/misc.o
 .data          0x01c16000        0x0 /home/xuyonglu/OBM/Loader/Build/../../Loader/Platforms/WKNG/release/timer.o
 .data          0x01c16000        0x0 /home/xuyonglu/OBM/Loader/Build/../../Loader/Platforms/WKNG/release/RegInstructions.o
 .data          0x01c16000        0x0 /home/xuyonglu/OBM/Loader/Build/../../Loader/Platforms/WKNG/release/keypad.o
 .data          0x01c16000        0x4 /home/xuyonglu/OBM/Loader/Build/../../Loader/Platforms/WKNG/release/tr069.o
                0x01c16000                pLIL
 .data          0x01c16004        0x0 /home/xuyonglu/OBM/Loader/Build/../../Loader/Platforms/WKNG/release/Flash.o
 .data          0x01c16004        0x4 /home/xuyonglu/OBM/Loader/Build/../../Loader/Platforms/WKNG/release/FM.o
                0x01c16004                FM_SPACE
 .data          0x01c16008        0x4 /home/xuyonglu/OBM/Loader/Build/../../Loader/Platforms/WKNG/release/dma.o
 .data          0x01c1600c        0x0 /home/xuyonglu/OBM/Loader/Build/../../Loader/Platforms/WKNG/release/BootLoader.o
 .data          0x01c1600c        0x0 /home/xuyonglu/OBM/Loader/Build/../../Loader/Platforms/WKNG/release/BootMode.o
 .data          0x01c1600c        0x4 /home/xuyonglu/OBM/Loader/Build/../../Loader/Platforms/WKNG/release/DownloadMode.o
                0x01c1600c                time_count_enable
 .data          0x01c16010        0x8 /home/xuyonglu/OBM/Loader/Build/../../Loader/Platforms/WKNG/release/TIMDownload.o
                0x01c16010                Flash_size
                0x01c16014                Reset_flag
 .data          0x01c16018        0x0 /home/xuyonglu/OBM/Loader/Build/../../Loader/Platforms/WKNG/release/serial.o
 .data          0x01c16018       0x48 /home/xuyonglu/OBM/Loader/Build/../../Loader/Platforms/WKNG/release/FreqChange.o
                0x01c16018                Sea_PP
                0x01c1605e                current_PP
 .data          0x01c16060        0x0 /home/xuyonglu/OBM/Loader/Build/../../Loader/Platforms/WKNG/release/wdt.o
 .data          0x01c16060       0x10 /home/xuyonglu/OBM/Loader/Build/../../Loader/Platforms/WKNG/release/qpress.o
                0x01c16060                compress_chunk_size
                0x01c16068                scratch
 .data          0x01c16070        0x0 /home/xuyonglu/OBM/Loader/Build/../../Loader/Platforms/WKNG/release/quicklz.o
 .data          0x01c16070        0x0 /home/xuyonglu/OBM/Loader/Build/../../Loader/Platforms/WKNG/release/LzmaDecode.o
 .data          0x01c16070        0x0 /home/xuyonglu/OBM/Loader/Build/../../Loader/Platforms/WKNG/release/mpu.o
 .data          0x01c16070        0x0 /home/xuyonglu/OBM/Loader/Build/../../Loader/Platforms/WKNG/release/PlatformConfig.o
 .data          0x01c16070        0x0 /home/xuyonglu/OBM/Loader/Build/../../Loader/Platforms/WKNG/release/platform_interrupts.o
 .data          0x01c16070       0x18 /home/xuyonglu/OBM/Loader/Build/../../Loader/Platforms/WKNG/release/ProtocolManager.o
                0x01c16070                GProtocolISR
                0x01c16080                upload_times
 .data          0x01c16088        0x0 /home/xuyonglu/OBM/Loader/Build/../../Loader/Platforms/WKNG/release/usb_descriptors.o
 .data          0x01c16088        0x8 /home/xuyonglu/OBM/Loader/Build/../../Loader/Platforms/WKNG/release/CI2Download.o
                0x01c16088                receiveBuff
                0x01c1608c                transmitBuff
 .data          0x01c16090        0x0 /home/xuyonglu/OBM/Loader/Build/../../Loader/Platforms/WKNG/release/CI2Driver.o
 .data          0x01c16090        0x0 /home/xuyonglu/OBM/Loader/Build/../../Loader/Platforms/WKNG/release/DDR_Cfg.o
 .data          0x01c16090        0x4 /home/xuyonglu/OBM/Loader/Build/../../Loader/Platforms/WKNG/release/tim.o
 .data          0x01c16094        0x4 /home/xuyonglu/OBM/Loader/Build/../../Loader/Platforms/WKNG/release/zimi_bq24295.o
                0x01c16094                isBqDetected
 .data          0x01c16098        0x4 /home/xuyonglu/OBM/Loader/Build/../../Loader/Platforms/WKNG/release/I2C.o
                0x01c16098                resume_flag
 .data          0x01c1609c        0x0 /home/xuyonglu/OBM/Loader/Build/../../Loader/Platforms/WKNG/release/charger.o
 *fill*         0x01c1609c        0x4 00
 .data          0x01c160a0       0x20 /home/xuyonglu/OBM/Loader/Build/../../Loader/Platforms/WKNG/release/spi.o
                0x01c160a0                DMA_Read_Buffer
                0x01c160b0                tx2_runclocks
 .data          0x01c160c0        0x0 /home/xuyonglu/OBM/Loader/Build/../../Loader/Platforms/WKNG/release/macronix.o
 .data          0x01c160c0        0x0 /home/xuyonglu/OBM/Loader/Build/../../Loader/Platforms/WKNG/release/giga.o
 .data          0x01c160c0      0x2d4 /home/xuyonglu/OBM/Loader/Build/../../Loader/Platforms/WKNG/release/ustica.o
                0x01c160c0                power_up_flag
                0x01c160c4                BatteryResistor_NTC_P
 .data          0x01c16394        0x0 /home/xuyonglu/OBM/Loader/Build/../../Loader/Platforms/WKNG/release/fan540x.o
 .data          0x01c16394        0x0 /home/xuyonglu/OBM/Loader/Build/../../Common/Download/USB2CI/USB2CI_LINUX_ARM.a(xllp_ciu2d.o)
 .data          0x01c16394        0x0 /home/xuyonglu/OBM/Loader/Build/../../Common/Download/USB2CI/USB2CI_LINUX_ARM.a(mvUsbDevCh9.o)
 .data          0x01c16394        0x0 /home/xuyonglu/OBM/Loader/Build/../../Common/Download/USB2CI/USB2CI_LINUX_ARM.a(mvUsbDevMain.o)
 .data          0x01c16394        0x0 /home/xuyonglu/OBM/Loader/Build/../../Common/Download/USB2CI/USB2CI_LINUX_ARM.a(mvUsbDevRecv.o)
 .data          0x01c16394        0x0 /home/xuyonglu/OBM/Loader/Build/../../Common/Download/USB2CI/USB2CI_LINUX_ARM.a(mvUsbDevSend.o)
 .data          0x01c16394        0x4 /home/xuyonglu/OBM/Loader/Build/../../Common/Download/USB2CI/USB2CI_LINUX_ARM.a(mvUsbDevUtl.o)
                0x01c16394                usbDebugFlags
 .data          0x01c16398        0x0 /home/xuyonglu/OBM/Loader/Build/../../Common/Download/USB2CI/USB2CI_LINUX_ARM.a(mvUsbHsDevCncl.o)
 .data          0x01c16398       0x35 /home/xuyonglu/OBM/Loader/Build/../../Common/Download/USB2CI/USB2CI_LINUX_ARM.a(mvUsbHsDevUtl.o)
                0x01c16398                test_packet
 .data          0x01c163cd        0x0 /home/xuyonglu/OBM/Loader/Build/../../Common/Download/USB2CI/USB2CI_LINUX_ARM.a(mvUsbHsDevMain.o)
 .data          0x01c163cd        0x0 /home/xuyonglu/OBM/Loader/Build/../../Common/Download/USB2CI/USB2CI_LINUX_ARM.a(usbPal.o)
 .data          0x01c163cd        0x0 /home/xuyonglu/OBM/Loader/Build/../../Common/Download/USB2CI/USB2CI_LINUX_ARM.a(usbPals_linux.o)
                0x01c163cd                __data_end = .

.igot.plt       0x01c163d0        0x0 load address 0x01c13930
 .igot.plt      0x00000000        0x0 /home/xuyonglu/OBM/Loader/Build/../../Loader/Platforms/WKNG/release/bl_StartUp_ttc_linux.o

.got.plt        0x01c163d0        0xc load address 0x01c13930
 .got.plt       0x01c163d0        0xc /home/xuyonglu/OBM/Loader/Build/../../Loader/Platforms/WKNG/release/bl_StartUp_ttc_linux.o
                0x01c163d0                _GLOBAL_OFFSET_TABLE_

.data.rel       0x01c163dc        0x8 load address 0x01c1393c
 .data.rel      0x01c163dc        0x4 /home/xuyonglu/OBM/Loader/Build/../../Common/Download/USB2CI/USB2CI_LINUX_ARM.a(mvUsbDevMain.o)
                0x01c163dc                global_mv_usb_dev
 .data.rel      0x01c163e0        0x4 /home/xuyonglu/OBM/Loader/Build/../../Common/Download/USB2CI/USB2CI_LINUX_ARM.a(usbPal.o)
                0x01c163e8                . = ALIGN (0x8)
                0x01c163e8                __bss_start = .

.bss            0x01c16800     0x5800 load address 0x01c14000
 *(.bss)
 .bss           0x01c16800        0x0 /home/xuyonglu/OBM/Loader/Build/../../Loader/Platforms/WKNG/release/bl_StartUp_ttc_linux.o
 .bss           0x01c16800        0x0 /home/xuyonglu/OBM/Loader/Build/../../Loader/Platforms/WKNG/release/platform_arch_linux.o
 .bss           0x01c16800        0x0 /home/xuyonglu/OBM/Loader/Build/../../Loader/Platforms/WKNG/release/platform_StartUp_linux.o
 .bss           0x01c16800        0x0 /home/xuyonglu/OBM/Loader/Build/../../Loader/Platforms/WKNG/release/bbu_PI2C_linux.o
 .bss           0x01c16800        0x0 /home/xuyonglu/OBM/Loader/Build/../../Loader/Platforms/WKNG/release/bbu_CI2C_linux.o
 .bss           0x01c16800        0x0 /home/xuyonglu/OBM/Loader/Build/../../Loader/Platforms/WKNG/release/mpu_linux.o
 .bss           0x01c16800        0x8 /home/xuyonglu/OBM/Loader/Build/../../Loader/Platforms/WKNG/release/misc.o
 .bss           0x01c16808        0x4 /home/xuyonglu/OBM/Loader/Build/../../Loader/Platforms/WKNG/release/timer.o
 .bss           0x01c1680c        0x0 /home/xuyonglu/OBM/Loader/Build/../../Loader/Platforms/WKNG/release/RegInstructions.o
 .bss           0x01c1680c        0x0 /home/xuyonglu/OBM/Loader/Build/../../Loader/Platforms/WKNG/release/keypad.o
 .bss           0x01c1680c        0x4 /home/xuyonglu/OBM/Loader/Build/../../Loader/Platforms/WKNG/release/tr069.o
                0x01c1680c                upgrade_failed_flag
 .bss           0x01c16810        0x1 /home/xuyonglu/OBM/Loader/Build/../../Loader/Platforms/WKNG/release/Flash.o
 .bss           0x01c16811        0x0 /home/xuyonglu/OBM/Loader/Build/../../Loader/Platforms/WKNG/release/FM.o
 .bss           0x01c16811        0x0 /home/xuyonglu/OBM/Loader/Build/../../Loader/Platforms/WKNG/release/dma.o
 *fill*         0x01c16811        0x3 00
 .bss           0x01c16814        0x8 /home/xuyonglu/OBM/Loader/Build/../../Loader/Platforms/WKNG/release/BootLoader.o
                0x01c16814                Jig_status
                0x01c16818                nextImageSize
 .bss           0x01c1681c       0x10 /home/xuyonglu/OBM/Loader/Build/../../Loader/Platforms/WKNG/release/BootMode.o
                0x01c1681c                pMRD_invalid
                0x01c16820                pMRD_valid
                0x01c16824                MPUFlag
                0x01c16828                back_image_key
 .bss           0x01c1682c        0xc /home/xuyonglu/OBM/Loader/Build/../../Loader/Platforms/WKNG/release/DownloadMode.o
                0x01c1682c                isDownload
                0x01c16830                upload_nand_spare
                0x01c16834                battery_connect
                0x01c16835                external_power
 .bss           0x01c16838        0xc /home/xuyonglu/OBM/Loader/Build/../../Loader/Platforms/WKNG/release/TIMDownload.o
                0x01c16838                pSkipAddress
                0x01c1683c                All_FF_flag
                0x01c16840                NandID
 .bss           0x01c16844        0x0 /home/xuyonglu/OBM/Loader/Build/../../Loader/Platforms/WKNG/release/serial.o
 .bss           0x01c16844        0x0 /home/xuyonglu/OBM/Loader/Build/../../Loader/Platforms/WKNG/release/FreqChange.o
 .bss           0x01c16844        0x0 /home/xuyonglu/OBM/Loader/Build/../../Loader/Platforms/WKNG/release/wdt.o
 .bss           0x01c16844        0x0 /home/xuyonglu/OBM/Loader/Build/../../Loader/Platforms/WKNG/release/qpress.o
 .bss           0x01c16844        0x0 /home/xuyonglu/OBM/Loader/Build/../../Loader/Platforms/WKNG/release/quicklz.o
 .bss           0x01c16844        0x0 /home/xuyonglu/OBM/Loader/Build/../../Loader/Platforms/WKNG/release/LzmaDecode.o
 .bss           0x01c16844        0x0 /home/xuyonglu/OBM/Loader/Build/../../Loader/Platforms/WKNG/release/mpu.o
 .bss           0x01c16844        0x8 /home/xuyonglu/OBM/Loader/Build/../../Loader/Platforms/WKNG/release/PlatformConfig.o
 .bss           0x01c1684c        0x1 /home/xuyonglu/OBM/Loader/Build/../../Loader/Platforms/WKNG/release/platform_interrupts.o
 .bss           0x01c1684d        0x5 /home/xuyonglu/OBM/Loader/Build/../../Loader/Platforms/WKNG/release/ProtocolManager.o
                0x01c16850                ResetUE
                0x01c16851                ResetDelay
 *fill*         0x01c16852        0x2 00
 .bss           0x01c16854        0x4 /home/xuyonglu/OBM/Loader/Build/../../Loader/Platforms/WKNG/release/usb_descriptors.o
 .bss           0x01c16858        0x8 /home/xuyonglu/OBM/Loader/Build/../../Loader/Platforms/WKNG/release/CI2Download.o
 .bss           0x01c16860        0x0 /home/xuyonglu/OBM/Loader/Build/../../Loader/Platforms/WKNG/release/CI2Driver.o
 .bss           0x01c16860        0x0 /home/xuyonglu/OBM/Loader/Build/../../Loader/Platforms/WKNG/release/DDR_Cfg.o
 .bss           0x01c16860       0x24 /home/xuyonglu/OBM/Loader/Build/../../Loader/Platforms/WKNG/release/tim.o
 .bss           0x01c16884       0x10 /home/xuyonglu/OBM/Loader/Build/../../Loader/Platforms/WKNG/release/zimi_bq24295.o
                0x01c16884                gChipType
                0x01c16888                isInMiniSys
                0x01c1688c                isUniformSector
                0x01c16890                isInNormalSys
 .bss           0x01c16894        0xc /home/xuyonglu/OBM/Loader/Build/../../Loader/Platforms/WKNG/release/I2C.o
                0x01c16894                absolute_timer
                0x01c16898                resume_timer
                0x01c1689c                ONKey_pressed
 .bss           0x01c168a0        0x4 /home/xuyonglu/OBM/Loader/Build/../../Loader/Platforms/WKNG/release/charger.o
                0x01c168a0                charger_status
 .bss           0x01c168a4        0x0 /home/xuyonglu/OBM/Loader/Build/../../Loader/Platforms/WKNG/release/spi.o
 .bss           0x01c168a4        0x0 /home/xuyonglu/OBM/Loader/Build/../../Loader/Platforms/WKNG/release/macronix.o
 .bss           0x01c168a4        0x4 /home/xuyonglu/OBM/Loader/Build/../../Loader/Platforms/WKNG/release/giga.o
                0x01c168a4                giga_32MB
 .bss           0x01c168a8        0x0 /home/xuyonglu/OBM/Loader/Build/../../Loader/Platforms/WKNG/release/ustica.o
 .bss           0x01c168a8        0x0 /home/xuyonglu/OBM/Loader/Build/../../Loader/Platforms/WKNG/release/fan540x.o
 .bss           0x01c168a8       0x14 /home/xuyonglu/OBM/Loader/Build/../../Common/Download/USB2CI/USB2CI_LINUX_ARM.a(xllp_ciu2d.o)
 .bss           0x01c168bc        0x8 /home/xuyonglu/OBM/Loader/Build/../../Common/Download/USB2CI/USB2CI_LINUX_ARM.a(mvUsbDevCh9.o)
 .bss           0x01c168c4        0x4 /home/xuyonglu/OBM/Loader/Build/../../Common/Download/USB2CI/USB2CI_LINUX_ARM.a(mvUsbDevMain.o)
                0x01c168c4                mv_options
 .bss           0x01c168c8        0x0 /home/xuyonglu/OBM/Loader/Build/../../Common/Download/USB2CI/USB2CI_LINUX_ARM.a(mvUsbDevRecv.o)
 .bss           0x01c168c8        0x0 /home/xuyonglu/OBM/Loader/Build/../../Common/Download/USB2CI/USB2CI_LINUX_ARM.a(mvUsbDevSend.o)
 .bss           0x01c168c8        0x0 /home/xuyonglu/OBM/Loader/Build/../../Common/Download/USB2CI/USB2CI_LINUX_ARM.a(mvUsbDevUtl.o)
 .bss           0x01c168c8        0x0 /home/xuyonglu/OBM/Loader/Build/../../Common/Download/USB2CI/USB2CI_LINUX_ARM.a(mvUsbHsDevCncl.o)
 .bss           0x01c168c8        0x0 /home/xuyonglu/OBM/Loader/Build/../../Common/Download/USB2CI/USB2CI_LINUX_ARM.a(mvUsbHsDevUtl.o)
 .bss           0x01c168c8        0x8 /home/xuyonglu/OBM/Loader/Build/../../Common/Download/USB2CI/USB2CI_LINUX_ARM.a(mvUsbHsDevMain.o)
                0x01c168c8                usb_gadget_phys_base
                0x01c168cc                usb_gadget_virt_base
 .bss           0x01c168d0        0x4 /home/xuyonglu/OBM/Loader/Build/../../Common/Download/USB2CI/USB2CI_LINUX_ARM.a(usbPal.o)
 .bss           0x01c168d4        0x0 /home/xuyonglu/OBM/Loader/Build/../../Common/Download/USB2CI/USB2CI_LINUX_ARM.a(usbPals_linux.o)
 COMMON         0x01c168d4        0xc /home/xuyonglu/OBM/Loader/Build/../../Loader/Platforms/WKNG/release/RegInstructions.o
                0x01c168d4                ScratchMemoryArray
 COMMON         0x01c168e0      0xc00 /home/xuyonglu/OBM/Loader/Build/../../Loader/Platforms/WKNG/release/tr069.o
                0x01c168e0                LZMA2_IL
 COMMON         0x01c174e0       0x98 /home/xuyonglu/OBM/Loader/Build/../../Loader/Platforms/WKNG/release/Flash.o
                0x01c174e0                FlashProp
 COMMON         0x01c17578       0x48 /home/xuyonglu/OBM/Loader/Build/../../Loader/Platforms/WKNG/release/FM.o
                0x01c17578                pFM_SPACE
                0x01c1757c                FMProperties
 COMMON         0x01c175c0        0x4 /home/xuyonglu/OBM/Loader/Build/../../Loader/Platforms/WKNG/release/mpu.o
                0x01c175c0                OBM_arm946eControlReg_DS
 *fill*         0x01c175c4        0x4 00
 COMMON         0x01c175c8     0x10c0 /home/xuyonglu/OBM/Loader/Build/../../Loader/Platforms/WKNG/release/ProtocolManager.o
                0x01c175c8                GPortState
                0x01c175d0                GProtocolRsp
                0x01c175e8                GProtocolMsg
                0x01c18670                GProtocolCmd
 COMMON         0x01c18688       0x7c /home/xuyonglu/OBM/Loader/Build/../../Loader/Platforms/WKNG/release/usb_descriptors.o
                0x01c18688                USBDescriptors
                0x01c186e8                USBStringIndexTable
 COMMON         0x01c18704        0xc /home/xuyonglu/OBM/Loader/Build/../../Loader/Platforms/WKNG/release/zimi_bq24295.o
                0x01c18704                gBatVol
                0x01c18708                gChipID
                0x01c1870c                isTempDetect
 COMMON         0x01c18710        0x1 /home/xuyonglu/OBM/Loader/Build/../../Loader/Platforms/WKNG/release/I2C.o
                0x01c18710                powerup
 *fill*         0x01c18711        0xf 00
 COMMON         0x01c18720      0x278 /home/xuyonglu/OBM/Loader/Build/../../Loader/Platforms/WKNG/release/spi.o
                0x01c18720                rx1_fromcommand
                0x01c18730                rx_4bytes_read
                0x01c18740                TX_Desc
                0x01c18840                tx_DMA_cmd
                0x01c18850                tx1_command2
                0x01c18854                rx_DMA_cmd
                0x01c18860                tx_1bytes
                0x01c18870                rx_1bytes
                0x01c18880                tx1_command
                0x01c18890                RX_Desc
                0x01c18990                tx_4bytes_read
 COMMON         0x01c18998        0x4 /home/xuyonglu/OBM/Loader/Build/../../Common/Download/USB2CI/USB2CI_LINUX_ARM.a(xllp_ciu2d.o)
                0x01c18998                gCI2Handle
 COMMON         0x01c1899c      0x178 /home/xuyonglu/OBM/Loader/Build/../../Common/Download/USB2CI/USB2CI_LINUX_ARM.a(mvUsbDevMain.o)
                0x01c1899c                ci2Device
                0x01c18b04                ci2ErrorFlags
                0x01c18b08                mv_pCI2PlatformReady
                0x01c18b0c                mv_pCpuCI2InterruptDisable
                0x01c18b10                mv_pCpuCI2InterruptEnable
 *fill*         0x01c18b14      0x4ec 00
 COMMON         0x01c19000     0x1000 /home/xuyonglu/OBM/Loader/Build/../../Common/Download/USB2CI/USB2CI_LINUX_ARM.a(mvUsbHsDevMain.o)
                0x01c19000                ciQueueHeadList
 COMMON         0x01c1a000     0x2000 /home/xuyonglu/OBM/Loader/Build/../../Common/Download/USB2CI/USB2CI_LINUX_ARM.a(usbPal.o)
                0x01c1a000                gUsbMemPool
                0x01c1c000                __bss_end = .
                0x01c1c000                . = ALIGN (0x8)
                0x01c1c000                .__topofcode__ = .
                0x000003cd                __data_size = (__data_end - __data_start)
OUTPUT(/home/xuyonglu/OBM/Loader/Build/../../Loader/Platforms/WKNG/release/JASPER/WKNG_LINUX_ARM_3_3_1-elf32 elf32-littlearm)

.ARM.attributes
                0x00000000       0x31
 .ARM.attributes
                0x00000000       0x21 /home/xuyonglu/OBM/Loader/Build/../../Loader/Platforms/WKNG/release/bl_StartUp_ttc_linux.o
 .ARM.attributes
                0x00000021       0x21 /home/xuyonglu/OBM/Loader/Build/../../Loader/Platforms/WKNG/release/platform_arch_linux.o
 .ARM.attributes
                0x00000042       0x21 /home/xuyonglu/OBM/Loader/Build/../../Loader/Platforms/WKNG/release/platform_StartUp_linux.o
 .ARM.attributes
                0x00000063       0x21 /home/xuyonglu/OBM/Loader/Build/../../Loader/Platforms/WKNG/release/bbu_PI2C_linux.o
 .ARM.attributes
                0x00000084       0x21 /home/xuyonglu/OBM/Loader/Build/../../Loader/Platforms/WKNG/release/bbu_CI2C_linux.o
 .ARM.attributes
                0x000000a5       0x21 /home/xuyonglu/OBM/Loader/Build/../../Loader/Platforms/WKNG/release/mpu_linux.o
 .ARM.attributes
                0x000000c6       0x35 /home/xuyonglu/OBM/Loader/Build/../../Loader/Platforms/WKNG/release/misc.o
 .ARM.attributes
                0x000000fb       0x35 /home/xuyonglu/OBM/Loader/Build/../../Loader/Platforms/WKNG/release/timer.o
 .ARM.attributes
                0x00000130       0x35 /home/xuyonglu/OBM/Loader/Build/../../Loader/Platforms/WKNG/release/RegInstructions.o
 .ARM.attributes
                0x00000165       0x35 /home/xuyonglu/OBM/Loader/Build/../../Loader/Platforms/WKNG/release/keypad.o
 .ARM.attributes
                0x0000019a       0x35 /home/xuyonglu/OBM/Loader/Build/../../Loader/Platforms/WKNG/release/tr069.o
 .ARM.attributes
                0x000001cf       0x35 /home/xuyonglu/OBM/Loader/Build/../../Loader/Platforms/WKNG/release/Flash.o
 .ARM.attributes
                0x00000204       0x35 /home/xuyonglu/OBM/Loader/Build/../../Loader/Platforms/WKNG/release/FM.o
 .ARM.attributes
                0x00000239       0x35 /home/xuyonglu/OBM/Loader/Build/../../Loader/Platforms/WKNG/release/dma.o
 .ARM.attributes
                0x0000026e       0x35 /home/xuyonglu/OBM/Loader/Build/../../Loader/Platforms/WKNG/release/BootLoader.o
 .ARM.attributes
                0x000002a3       0x35 /home/xuyonglu/OBM/Loader/Build/../../Loader/Platforms/WKNG/release/BootMode.o
 .ARM.attributes
                0x000002d8       0x35 /home/xuyonglu/OBM/Loader/Build/../../Loader/Platforms/WKNG/release/DownloadMode.o
 .ARM.attributes
                0x0000030d       0x35 /home/xuyonglu/OBM/Loader/Build/../../Loader/Platforms/WKNG/release/TIMDownload.o
 .ARM.attributes
                0x00000342       0x35 /home/xuyonglu/OBM/Loader/Build/../../Loader/Platforms/WKNG/release/serial.o
 .ARM.attributes
                0x00000377       0x35 /home/xuyonglu/OBM/Loader/Build/../../Loader/Platforms/WKNG/release/FreqChange.o
 .ARM.attributes
                0x000003ac       0x35 /home/xuyonglu/OBM/Loader/Build/../../Loader/Platforms/WKNG/release/wdt.o
 .ARM.attributes
                0x000003e1       0x35 /home/xuyonglu/OBM/Loader/Build/../../Loader/Platforms/WKNG/release/qpress.o
 .ARM.attributes
                0x00000416       0x35 /home/xuyonglu/OBM/Loader/Build/../../Loader/Platforms/WKNG/release/quicklz.o
 .ARM.attributes
                0x0000044b       0x35 /home/xuyonglu/OBM/Loader/Build/../../Loader/Platforms/WKNG/release/LzmaDecode.o
 .ARM.attributes
                0x00000480       0x35 /home/xuyonglu/OBM/Loader/Build/../../Loader/Platforms/WKNG/release/mpu.o
 .ARM.attributes
                0x000004b5       0x35 /home/xuyonglu/OBM/Loader/Build/../../Loader/Platforms/WKNG/release/PlatformConfig.o
 .ARM.attributes
                0x000004ea       0x35 /home/xuyonglu/OBM/Loader/Build/../../Loader/Platforms/WKNG/release/platform_interrupts.o
 .ARM.attributes
                0x0000051f       0x35 /home/xuyonglu/OBM/Loader/Build/../../Loader/Platforms/WKNG/release/ProtocolManager.o
 .ARM.attributes
                0x00000554       0x35 /home/xuyonglu/OBM/Loader/Build/../../Loader/Platforms/WKNG/release/usb_descriptors.o
 .ARM.attributes
                0x00000589       0x35 /home/xuyonglu/OBM/Loader/Build/../../Loader/Platforms/WKNG/release/CI2Download.o
 .ARM.attributes
                0x000005be       0x35 /home/xuyonglu/OBM/Loader/Build/../../Loader/Platforms/WKNG/release/CI2Driver.o
 .ARM.attributes
                0x000005f3       0x35 /home/xuyonglu/OBM/Loader/Build/../../Loader/Platforms/WKNG/release/DDR_Cfg.o
 .ARM.attributes
                0x00000628       0x35 /home/xuyonglu/OBM/Loader/Build/../../Loader/Platforms/WKNG/release/tim.o
 .ARM.attributes
                0x0000065d       0x35 /home/xuyonglu/OBM/Loader/Build/../../Loader/Platforms/WKNG/release/zimi_bq24295.o
 .ARM.attributes
                0x00000692       0x35 /home/xuyonglu/OBM/Loader/Build/../../Loader/Platforms/WKNG/release/I2C.o
 .ARM.attributes
                0x000006c7       0x35 /home/xuyonglu/OBM/Loader/Build/../../Loader/Platforms/WKNG/release/charger.o
 .ARM.attributes
                0x000006fc       0x35 /home/xuyonglu/OBM/Loader/Build/../../Loader/Platforms/WKNG/release/spi.o
 .ARM.attributes
                0x00000731       0x35 /home/xuyonglu/OBM/Loader/Build/../../Loader/Platforms/WKNG/release/macronix.o
 .ARM.attributes
                0x00000766       0x35 /home/xuyonglu/OBM/Loader/Build/../../Loader/Platforms/WKNG/release/giga.o
 .ARM.attributes
                0x0000079b       0x35 /home/xuyonglu/OBM/Loader/Build/../../Loader/Platforms/WKNG/release/ustica.o
 .ARM.attributes
                0x000007d0       0x35 /home/xuyonglu/OBM/Loader/Build/../../Loader/Platforms/WKNG/release/fan540x.o
 .ARM.attributes
                0x00000805       0x35 /home/xuyonglu/OBM/Loader/Build/../../Common/Download/USB2CI/USB2CI_LINUX_ARM.a(xllp_ciu2d.o)
 .ARM.attributes
                0x0000083a       0x35 /home/xuyonglu/OBM/Loader/Build/../../Common/Download/USB2CI/USB2CI_LINUX_ARM.a(mvUsbDevCh9.o)
 .ARM.attributes
                0x0000086f       0x35 /home/xuyonglu/OBM/Loader/Build/../../Common/Download/USB2CI/USB2CI_LINUX_ARM.a(mvUsbDevMain.o)
 .ARM.attributes
                0x000008a4       0x35 /home/xuyonglu/OBM/Loader/Build/../../Common/Download/USB2CI/USB2CI_LINUX_ARM.a(mvUsbDevRecv.o)
 .ARM.attributes
                0x000008d9       0x35 /home/xuyonglu/OBM/Loader/Build/../../Common/Download/USB2CI/USB2CI_LINUX_ARM.a(mvUsbDevSend.o)
 .ARM.attributes
                0x0000090e       0x35 /home/xuyonglu/OBM/Loader/Build/../../Common/Download/USB2CI/USB2CI_LINUX_ARM.a(mvUsbDevUtl.o)
 .ARM.attributes
                0x00000943       0x35 /home/xuyonglu/OBM/Loader/Build/../../Common/Download/USB2CI/USB2CI_LINUX_ARM.a(mvUsbHsDevCncl.o)
 .ARM.attributes
                0x00000978       0x35 /home/xuyonglu/OBM/Loader/Build/../../Common/Download/USB2CI/USB2CI_LINUX_ARM.a(mvUsbHsDevUtl.o)
 .ARM.attributes
                0x000009ad       0x35 /home/xuyonglu/OBM/Loader/Build/../../Common/Download/USB2CI/USB2CI_LINUX_ARM.a(mvUsbHsDevMain.o)
 .ARM.attributes
                0x000009e2       0x35 /home/xuyonglu/OBM/Loader/Build/../../Common/Download/USB2CI/USB2CI_LINUX_ARM.a(usbPal.o)
 .ARM.attributes
                0x00000a17       0x21 /home/xuyonglu/OBM/Loader/Build/../../Common/Download/USB2CI/USB2CI_LINUX_ARM.a(usbPals_linux.o)

.comment        0x00000000       0x5d
 .comment       0x00000000       0x5d /home/xuyonglu/OBM/Loader/Build/../../Loader/Platforms/WKNG/release/misc.o
                                 0x5e (size before relaxing)
 .comment       0x00000000       0x5e /home/xuyonglu/OBM/Loader/Build/../../Loader/Platforms/WKNG/release/timer.o
 .comment       0x00000000       0x5e /home/xuyonglu/OBM/Loader/Build/../../Loader/Platforms/WKNG/release/RegInstructions.o
 .comment       0x00000000       0x5e /home/xuyonglu/OBM/Loader/Build/../../Loader/Platforms/WKNG/release/keypad.o
 .comment       0x00000000       0x5e /home/xuyonglu/OBM/Loader/Build/../../Loader/Platforms/WKNG/release/tr069.o
 .comment       0x00000000       0x5e /home/xuyonglu/OBM/Loader/Build/../../Loader/Platforms/WKNG/release/Flash.o
 .comment       0x00000000       0x5e /home/xuyonglu/OBM/Loader/Build/../../Loader/Platforms/WKNG/release/FM.o
 .comment       0x00000000       0x5e /home/xuyonglu/OBM/Loader/Build/../../Loader/Platforms/WKNG/release/dma.o
 .comment       0x00000000       0x5e /home/xuyonglu/OBM/Loader/Build/../../Loader/Platforms/WKNG/release/BootLoader.o
 .comment       0x00000000       0x5e /home/xuyonglu/OBM/Loader/Build/../../Loader/Platforms/WKNG/release/BootMode.o
 .comment       0x00000000       0x5e /home/xuyonglu/OBM/Loader/Build/../../Loader/Platforms/WKNG/release/DownloadMode.o
 .comment       0x00000000       0x5e /home/xuyonglu/OBM/Loader/Build/../../Loader/Platforms/WKNG/release/TIMDownload.o
 .comment       0x00000000       0x5e /home/xuyonglu/OBM/Loader/Build/../../Loader/Platforms/WKNG/release/serial.o
 .comment       0x00000000       0x5e /home/xuyonglu/OBM/Loader/Build/../../Loader/Platforms/WKNG/release/FreqChange.o
 .comment       0x00000000       0x5e /home/xuyonglu/OBM/Loader/Build/../../Loader/Platforms/WKNG/release/wdt.o
 .comment       0x00000000       0x5e /home/xuyonglu/OBM/Loader/Build/../../Loader/Platforms/WKNG/release/qpress.o
 .comment       0x00000000       0x5e /home/xuyonglu/OBM/Loader/Build/../../Loader/Platforms/WKNG/release/quicklz.o
 .comment       0x00000000       0x5e /home/xuyonglu/OBM/Loader/Build/../../Loader/Platforms/WKNG/release/LzmaDecode.o
 .comment       0x00000000       0x5e /home/xuyonglu/OBM/Loader/Build/../../Loader/Platforms/WKNG/release/mpu.o
 .comment       0x00000000       0x5e /home/xuyonglu/OBM/Loader/Build/../../Loader/Platforms/WKNG/release/PlatformConfig.o
 .comment       0x00000000       0x5e /home/xuyonglu/OBM/Loader/Build/../../Loader/Platforms/WKNG/release/platform_interrupts.o
 .comment       0x00000000       0x5e /home/xuyonglu/OBM/Loader/Build/../../Loader/Platforms/WKNG/release/ProtocolManager.o
 .comment       0x00000000       0x5e /home/xuyonglu/OBM/Loader/Build/../../Loader/Platforms/WKNG/release/usb_descriptors.o
 .comment       0x00000000       0x5e /home/xuyonglu/OBM/Loader/Build/../../Loader/Platforms/WKNG/release/CI2Download.o
 .comment       0x00000000       0x5e /home/xuyonglu/OBM/Loader/Build/../../Loader/Platforms/WKNG/release/CI2Driver.o
 .comment       0x00000000       0x5e /home/xuyonglu/OBM/Loader/Build/../../Loader/Platforms/WKNG/release/DDR_Cfg.o
 .comment       0x00000000       0x5e /home/xuyonglu/OBM/Loader/Build/../../Loader/Platforms/WKNG/release/tim.o
 .comment       0x00000000       0x5e /home/xuyonglu/OBM/Loader/Build/../../Loader/Platforms/WKNG/release/zimi_bq24295.o
 .comment       0x00000000       0x5e /home/xuyonglu/OBM/Loader/Build/../../Loader/Platforms/WKNG/release/I2C.o
 .comment       0x00000000       0x5e /home/xuyonglu/OBM/Loader/Build/../../Loader/Platforms/WKNG/release/charger.o
 .comment       0x00000000       0x5e /home/xuyonglu/OBM/Loader/Build/../../Loader/Platforms/WKNG/release/spi.o
 .comment       0x00000000       0x5e /home/xuyonglu/OBM/Loader/Build/../../Loader/Platforms/WKNG/release/macronix.o
 .comment       0x00000000       0x5e /home/xuyonglu/OBM/Loader/Build/../../Loader/Platforms/WKNG/release/giga.o
 .comment       0x00000000       0x5e /home/xuyonglu/OBM/Loader/Build/../../Loader/Platforms/WKNG/release/ustica.o
 .comment       0x00000000       0x5e /home/xuyonglu/OBM/Loader/Build/../../Loader/Platforms/WKNG/release/fan540x.o
 .comment       0x00000000       0x5e /home/xuyonglu/OBM/Loader/Build/../../Common/Download/USB2CI/USB2CI_LINUX_ARM.a(xllp_ciu2d.o)
 .comment       0x00000000       0x5e /home/xuyonglu/OBM/Loader/Build/../../Common/Download/USB2CI/USB2CI_LINUX_ARM.a(mvUsbDevCh9.o)
 .comment       0x00000000       0x5e /home/xuyonglu/OBM/Loader/Build/../../Common/Download/USB2CI/USB2CI_LINUX_ARM.a(mvUsbDevMain.o)
 .comment       0x00000000       0x5e /home/xuyonglu/OBM/Loader/Build/../../Common/Download/USB2CI/USB2CI_LINUX_ARM.a(mvUsbDevRecv.o)
 .comment       0x00000000       0x5e /home/xuyonglu/OBM/Loader/Build/../../Common/Download/USB2CI/USB2CI_LINUX_ARM.a(mvUsbDevSend.o)
 .comment       0x00000000       0x5e /home/xuyonglu/OBM/Loader/Build/../../Common/Download/USB2CI/USB2CI_LINUX_ARM.a(mvUsbDevUtl.o)
 .comment       0x00000000       0x5e /home/xuyonglu/OBM/Loader/Build/../../Common/Download/USB2CI/USB2CI_LINUX_ARM.a(mvUsbHsDevCncl.o)
 .comment       0x00000000       0x5e /home/xuyonglu/OBM/Loader/Build/../../Common/Download/USB2CI/USB2CI_LINUX_ARM.a(mvUsbHsDevUtl.o)
 .comment       0x00000000       0x5e /home/xuyonglu/OBM/Loader/Build/../../Common/Download/USB2CI/USB2CI_LINUX_ARM.a(mvUsbHsDevMain.o)
 .comment       0x00000000       0x5e /home/xuyonglu/OBM/Loader/Build/../../Common/Download/USB2CI/USB2CI_LINUX_ARM.a(usbPal.o)

.debug_line     0x00000000     0x62e3
 .debug_line    0x00000000      0x189 /home/xuyonglu/OBM/Loader/Build/../../Loader/Platforms/WKNG/release/bl_StartUp_ttc_linux.o
 .debug_line    0x00000189       0x88 /home/xuyonglu/OBM/Loader/Build/../../Loader/Platforms/WKNG/release/platform_arch_linux.o
 .debug_line    0x00000211       0xab /home/xuyonglu/OBM/Loader/Build/../../Loader/Platforms/WKNG/release/platform_StartUp_linux.o
 .debug_line    0x000002bc      0x125 /home/xuyonglu/OBM/Loader/Build/../../Loader/Platforms/WKNG/release/bbu_PI2C_linux.o
 .debug_line    0x000003e1      0x121 /home/xuyonglu/OBM/Loader/Build/../../Loader/Platforms/WKNG/release/bbu_CI2C_linux.o
 .debug_line    0x00000502      0x16d /home/xuyonglu/OBM/Loader/Build/../../Loader/Platforms/WKNG/release/mpu_linux.o
 .debug_line    0x0000066f      0x1d8 /home/xuyonglu/OBM/Loader/Build/../../Loader/Platforms/WKNG/release/misc.o
 .debug_line    0x00000847      0x120 /home/xuyonglu/OBM/Loader/Build/../../Loader/Platforms/WKNG/release/timer.o
 .debug_line    0x00000967      0x312 /home/xuyonglu/OBM/Loader/Build/../../Loader/Platforms/WKNG/release/RegInstructions.o
 .debug_line    0x00000c79       0x8a /home/xuyonglu/OBM/Loader/Build/../../Loader/Platforms/WKNG/release/keypad.o
 .debug_line    0x00000d03      0x25b /home/xuyonglu/OBM/Loader/Build/../../Loader/Platforms/WKNG/release/tr069.o
 .debug_line    0x00000f5e      0x2af /home/xuyonglu/OBM/Loader/Build/../../Loader/Platforms/WKNG/release/Flash.o
 .debug_line    0x0000120d      0x33e /home/xuyonglu/OBM/Loader/Build/../../Loader/Platforms/WKNG/release/FM.o
 .debug_line    0x0000154b      0x17a /home/xuyonglu/OBM/Loader/Build/../../Loader/Platforms/WKNG/release/dma.o
 .debug_line    0x000016c5      0x2d8 /home/xuyonglu/OBM/Loader/Build/../../Loader/Platforms/WKNG/release/BootLoader.o
 .debug_line    0x0000199d      0x359 /home/xuyonglu/OBM/Loader/Build/../../Loader/Platforms/WKNG/release/BootMode.o
 .debug_line    0x00001cf6      0x1c2 /home/xuyonglu/OBM/Loader/Build/../../Loader/Platforms/WKNG/release/DownloadMode.o
 .debug_line    0x00001eb8      0x202 /home/xuyonglu/OBM/Loader/Build/../../Loader/Platforms/WKNG/release/TIMDownload.o
 .debug_line    0x000020ba       0xa2 /home/xuyonglu/OBM/Loader/Build/../../Loader/Platforms/WKNG/release/serial.o
 .debug_line    0x0000215c      0x124 /home/xuyonglu/OBM/Loader/Build/../../Loader/Platforms/WKNG/release/FreqChange.o
 .debug_line    0x00002280      0x114 /home/xuyonglu/OBM/Loader/Build/../../Loader/Platforms/WKNG/release/wdt.o
 .debug_line    0x00002394      0x12e /home/xuyonglu/OBM/Loader/Build/../../Loader/Platforms/WKNG/release/qpress.o
 .debug_line    0x000024c2      0x26b /home/xuyonglu/OBM/Loader/Build/../../Loader/Platforms/WKNG/release/quicklz.o
 .debug_line    0x0000272d      0x2b6 /home/xuyonglu/OBM/Loader/Build/../../Loader/Platforms/WKNG/release/LzmaDecode.o
 .debug_line    0x000029e3      0x1b9 /home/xuyonglu/OBM/Loader/Build/../../Loader/Platforms/WKNG/release/mpu.o
 .debug_line    0x00002b9c      0x29d /home/xuyonglu/OBM/Loader/Build/../../Loader/Platforms/WKNG/release/PlatformConfig.o
 .debug_line    0x00002e39      0x13e /home/xuyonglu/OBM/Loader/Build/../../Loader/Platforms/WKNG/release/platform_interrupts.o
 .debug_line    0x00002f77      0x49a /home/xuyonglu/OBM/Loader/Build/../../Loader/Platforms/WKNG/release/ProtocolManager.o
 .debug_line    0x00003411      0x224 /home/xuyonglu/OBM/Loader/Build/../../Loader/Platforms/WKNG/release/usb_descriptors.o
 .debug_line    0x00003635      0x176 /home/xuyonglu/OBM/Loader/Build/../../Loader/Platforms/WKNG/release/CI2Download.o
 .debug_line    0x000037ab       0xef /home/xuyonglu/OBM/Loader/Build/../../Loader/Platforms/WKNG/release/CI2Driver.o
 .debug_line    0x0000389a      0x1ce /home/xuyonglu/OBM/Loader/Build/../../Loader/Platforms/WKNG/release/DDR_Cfg.o
 .debug_line    0x00003a68      0x282 /home/xuyonglu/OBM/Loader/Build/../../Loader/Platforms/WKNG/release/tim.o
 .debug_line    0x00003cea      0x232 /home/xuyonglu/OBM/Loader/Build/../../Loader/Platforms/WKNG/release/zimi_bq24295.o
 .debug_line    0x00003f1c      0x28d /home/xuyonglu/OBM/Loader/Build/../../Loader/Platforms/WKNG/release/I2C.o
 .debug_line    0x000041a9       0xbc /home/xuyonglu/OBM/Loader/Build/../../Loader/Platforms/WKNG/release/charger.o
 .debug_line    0x00004265      0x356 /home/xuyonglu/OBM/Loader/Build/../../Loader/Platforms/WKNG/release/spi.o
 .debug_line    0x000045bb      0x335 /home/xuyonglu/OBM/Loader/Build/../../Loader/Platforms/WKNG/release/macronix.o
 .debug_line    0x000048f0      0x373 /home/xuyonglu/OBM/Loader/Build/../../Loader/Platforms/WKNG/release/giga.o
 .debug_line    0x00004c63      0x278 /home/xuyonglu/OBM/Loader/Build/../../Loader/Platforms/WKNG/release/ustica.o
 .debug_line    0x00004edb      0x106 /home/xuyonglu/OBM/Loader/Build/../../Loader/Platforms/WKNG/release/fan540x.o
 .debug_line    0x00004fe1      0x23d /home/xuyonglu/OBM/Loader/Build/../../Common/Download/USB2CI/USB2CI_LINUX_ARM.a(xllp_ciu2d.o)
 .debug_line    0x0000521e      0x269 /home/xuyonglu/OBM/Loader/Build/../../Common/Download/USB2CI/USB2CI_LINUX_ARM.a(mvUsbDevCh9.o)
 .debug_line    0x00005487      0x21a /home/xuyonglu/OBM/Loader/Build/../../Common/Download/USB2CI/USB2CI_LINUX_ARM.a(mvUsbDevMain.o)
 .debug_line    0x000056a1       0xd7 /home/xuyonglu/OBM/Loader/Build/../../Common/Download/USB2CI/USB2CI_LINUX_ARM.a(mvUsbDevRecv.o)
 .debug_line    0x00005778       0xd7 /home/xuyonglu/OBM/Loader/Build/../../Common/Download/USB2CI/USB2CI_LINUX_ARM.a(mvUsbDevSend.o)
 .debug_line    0x0000584f      0x150 /home/xuyonglu/OBM/Loader/Build/../../Common/Download/USB2CI/USB2CI_LINUX_ARM.a(mvUsbDevUtl.o)
 .debug_line    0x0000599f      0x141 /home/xuyonglu/OBM/Loader/Build/../../Common/Download/USB2CI/USB2CI_LINUX_ARM.a(mvUsbHsDevCncl.o)
 .debug_line    0x00005ae0      0x111 /home/xuyonglu/OBM/Loader/Build/../../Common/Download/USB2CI/USB2CI_LINUX_ARM.a(mvUsbHsDevUtl.o)
 .debug_line    0x00005bf1      0x5d9 /home/xuyonglu/OBM/Loader/Build/../../Common/Download/USB2CI/USB2CI_LINUX_ARM.a(mvUsbHsDevMain.o)
 .debug_line    0x000061ca      0x119 /home/xuyonglu/OBM/Loader/Build/../../Common/Download/USB2CI/USB2CI_LINUX_ARM.a(usbPal.o)

.debug_info     0x00000000    0x208ba
 .debug_info    0x00000000       0x94 /home/xuyonglu/OBM/Loader/Build/../../Loader/Platforms/WKNG/release/bl_StartUp_ttc_linux.o
 .debug_info    0x00000094       0x9a /home/xuyonglu/OBM/Loader/Build/../../Loader/Platforms/WKNG/release/platform_arch_linux.o
 .debug_info    0x0000012e       0x9d /home/xuyonglu/OBM/Loader/Build/../../Loader/Platforms/WKNG/release/platform_StartUp_linux.o
 .debug_info    0x000001cb       0x8e /home/xuyonglu/OBM/Loader/Build/../../Loader/Platforms/WKNG/release/bbu_PI2C_linux.o
 .debug_info    0x00000259       0x8e /home/xuyonglu/OBM/Loader/Build/../../Loader/Platforms/WKNG/release/bbu_CI2C_linux.o
 .debug_info    0x000002e7       0x89 /home/xuyonglu/OBM/Loader/Build/../../Loader/Platforms/WKNG/release/mpu_linux.o
 .debug_info    0x00000370      0x7c7 /home/xuyonglu/OBM/Loader/Build/../../Loader/Platforms/WKNG/release/misc.o
 .debug_info    0x00000b37      0x4e2 /home/xuyonglu/OBM/Loader/Build/../../Loader/Platforms/WKNG/release/timer.o
 .debug_info    0x00001019      0xf2f /home/xuyonglu/OBM/Loader/Build/../../Loader/Platforms/WKNG/release/RegInstructions.o
 .debug_info    0x00001f48       0xce /home/xuyonglu/OBM/Loader/Build/../../Loader/Platforms/WKNG/release/keypad.o
 .debug_info    0x00002016      0xf1e /home/xuyonglu/OBM/Loader/Build/../../Loader/Platforms/WKNG/release/tr069.o